Name of the selected graph: medical-ner-dl/blstm_100_200_128_100.pb
Training started - total epochs: 35 - lr: 0.001 - batch size: 16 - labels: 20 - chars: 87 - training examples: 20615


Epoch 1/35 started, lr: 0.001, dataset size: 20615


Epoch 1/35 - 114.94s - loss: 5841.5903 - avg training loss: 5.671447 - batches: 1030
Quality on validation dataset (20.0%), validation examples = 4123
time to finish evaluation: 21.05s
Total validation loss: 525.5264	Avg validation loss: 1.9982
label	 tp	 fp	 fn	 prec	 rec	 f1
I-NAME	 0	 0	 12	 0.0	 0.0	 0.0
I-TREATMENT	 2459	 718	 396	 0.77400064	 0.861296	 0.8153184
B-DATE	 100	 3	 37	 0.9708738	 0.729927	 0.8333333
I-DATE	 25	 0	 28	 1.0	 0.4716981	 0.64102566
I-LOCATION	 6	 0	 28	 1.0	 0.1764706	 0.29999998
I-PROBLEM	 4236	 574	 814	 0.8806653	 0.8388119	 0.8592292
I-PROFESSION	 0	 0	 11	 0.0	 0.0	 0.0
B-NAME	 6	 0	 20	 1.0	 0.23076923	 0.375
B-PROBLEM	 2437	 471	 566	 0.838033	 0.8115218	 0.8245644
B-AGE	 53	 3	 4	 0.9464286	 0.9298246	 0.93805313
I-TEST	 577	 138	 426	 0.806993	 0.57527417	 0.67171127
B-TEST	 447	 129	 377	 0.7760417	 0.5424757	 0.6385714
B-ID	 0	 0	 1	 0.0	 0.0	 0.0
B-TREATMENT	 1812	 688	 345	 0.7248	 0.84005564	 0.7781834
B-PROFESSION	 0	 0	 11	 0.0	 0.0	 0.0
B-LOCATION	 2	 1	 39	 0.6666667	 0.048780486	 0.090909086
I-ID	 0	 0	 1	 0.0	 0.0	 0.0
B-CONTACT	 0	 0	 1	 0.0	 0.0	 0.0
tp: 12160 fp: 2725 fn: 3117 labels: 18
Macro-average	 prec: 0.57691693, rec: 0.39205024, f1: 0.46684846
Micro-average	 prec: 0.8169298, rec: 0.7959678, f1: 0.8063126
Quality on test dataset: 
time to finish evaluation: 24.97s
Total test loss: 660.8101	Avg test loss: 2.0270
label	 tp	 fp	 fn	 prec	 rec	 f1
I-NAME	 0	 0	 15	 0.0	 0.0	 0.0
I-AGE	 0	 0	 1	 0.0	 0.0	 0.0
I-TREATMENT	 3044	 857	 522	 0.7803127	 0.8536175	 0.81532073
B-DATE	 122	 5	 54	 0.96062994	 0.6931818	 0.80528057
I-DATE	 8	 0	 30	 1.0	 0.21052632	 0.3478261
I-LOCATION	 7	 1	 38	 0.875	 0.15555556	 0.26415092
I-PROBLEM	 5263	 719	 905	 0.8798061	 0.85327494	 0.8663374
I-PROFESSION	 0	 0	 8	 0.0	 0.0	 0.0
B-NAME	 12	 2	 21	 0.85714287	 0.36363637	 0.51063836
B-PROBLEM	 2952	 599	 670	 0.8313151	 0.8150193	 0.82308656
B-AGE	 50	 2	 6	 0.96153843	 0.89285713	 0.9259259
I-TEST	 803	 149	 559	 0.8434874	 0.58957416	 0.69403625
B-TEST	 590	 157	 540	 0.789826	 0.5221239	 0.6286627
B-ID	 0	 0	 6	 0.0	 0.0	 0.0
B-TREATMENT	 2220	 866	 407	 0.7193778	 0.8450704	 0.7771749
B-PROFESSION	 0	 0	 12	 0.0	 0.0	 0.0
B-LOCATION	 3	 2	 60	 0.6	 0.04761905	 0.0882353
I-ID	 0	 0	 1	 0.0	 0.0	 0.0
B-CONTACT	 0	 0	 2	 0.0	 0.0	 0.0
tp: 15074 fp: 3359 fn: 3857 labels: 19
Macro-average	 prec: 0.53149664, rec: 0.36010826, f1: 0.4293299
Micro-average	 prec: 0.81777245, rec: 0.7962601, f1: 0.80687296


Epoch 2/35 started, lr: 9.950249E-4, dataset size: 20615


Epoch 2/35 - 111.75s - loss: 2033.8 - avg training loss: 1.9745631 - batches: 1030
Quality on validation dataset (20.0%), validation examples = 4123
time to finish evaluation: 21.04s
Total validation loss: 323.3073	Avg validation loss: 1.2293
label	 tp	 fp	 fn	 prec	 rec	 f1
I-NAME	 0	 0	 12	 0.0	 0.0	 0.0
I-TREATMENT	 2386	 280	 469	 0.89497375	 0.8357268	 0.8643362
B-DATE	 120	 7	 17	 0.9448819	 0.8759124	 0.90909094
I-DATE	 50	 4	 3	 0.9259259	 0.9433962	 0.9345795
I-LOCATION	 28	 13	 6	 0.68292683	 0.8235294	 0.74666667
I-PROBLEM	 4445	 453	 605	 0.90751326	 0.880198	 0.89364696
I-PROFESSION	 0	 0	 11	 0.0	 0.0	 0.0
B-NAME	 8	 0	 18	 1.0	 0.30769232	 0.47058827
B-PROBLEM	 2588	 368	 415	 0.8755074	 0.86180484	 0.8686021
B-AGE	 53	 3	 4	 0.9464286	 0.9298246	 0.93805313
I-TEST	 850	 319	 153	 0.7271172	 0.84745765	 0.7826888
B-TEST	 676	 230	 148	 0.74613684	 0.8203884	 0.7815029
B-ID	 0	 0	 1	 0.0	 0.0	 0.0
B-TREATMENT	 1795	 310	 362	 0.8527316	 0.8321743	 0.84232754
B-PROFESSION	 1	 0	 10	 1.0	 0.09090909	 0.16666667
B-LOCATION	 26	 25	 15	 0.50980395	 0.63414633	 0.56521744
I-ID	 0	 0	 1	 0.0	 0.0	 0.0
B-CONTACT	 0	 0	 1	 0.0	 0.0	 0.0
tp: 13026 fp: 2012 fn: 2251 labels: 18
Macro-average	 prec: 0.61188596, rec: 0.53795344, f1: 0.5725428
Micro-average	 prec: 0.86620563, rec: 0.85265434, f1: 0.85937655
Quality on test dataset: 
time to finish evaluation: 26.27s
Total test loss: 387.9724	Avg test loss: 1.1901
label	 tp	 fp	 fn	 prec	 rec	 f1
I-NAME	 0	 0	 15	 0.0	 0.0	 0.0
I-AGE	 0	 0	 1	 0.0	 0.0	 0.0
I-TREATMENT	 3018	 323	 548	 0.90332234	 0.8463264	 0.873896
B-DATE	 160	 10	 16	 0.9411765	 0.90909094	 0.92485553
I-DATE	 30	 5	 8	 0.85714287	 0.7894737	 0.82191783
I-LOCATION	 35	 19	 10	 0.6481481	 0.7777778	 0.7070707
I-PROBLEM	 5582	 516	 586	 0.9153821	 0.90499353	 0.9101581
I-PROFESSION	 0	 0	 8	 0.0	 0.0	 0.0
B-NAME	 19	 2	 14	 0.9047619	 0.57575756	 0.70370364
B-PROBLEM	 3179	 419	 443	 0.8835464	 0.87769186	 0.8806094
B-AGE	 53	 4	 3	 0.9298246	 0.9464286	 0.93805313
I-TEST	 1124	 295	 238	 0.7921071	 0.825257	 0.80834234
B-TEST	 913	 236	 217	 0.794604	 0.8079646	 0.80122864
B-ID	 0	 0	 6	 0.0	 0.0	 0.0
B-TREATMENT	 2223	 378	 404	 0.8546713	 0.8462124	 0.8504209
B-PROFESSION	 0	 0	 12	 0.0	 0.0	 0.0
B-LOCATION	 36	 30	 27	 0.54545456	 0.5714286	 0.55813956
I-ID	 0	 0	 1	 0.0	 0.0	 0.0
B-CONTACT	 0	 0	 2	 0.0	 0.0	 0.0
tp: 16372 fp: 2237 fn: 2559 labels: 19
Macro-average	 prec: 0.52474433, rec: 0.50938964, f1: 0.516953
Micro-average	 prec: 0.87978935, rec: 0.8648249, f1: 0.8722429


Epoch 3/35 started, lr: 9.90099E-4, dataset size: 20615


Epoch 3/35 - 112.00s - loss: 1352.9026 - avg training loss: 1.3134977 - batches: 1030
Quality on validation dataset (20.0%), validation examples = 4123
time to finish evaluation: 21.64s
Total validation loss: 265.3148	Avg validation loss: 1.0088
label	 tp	 fp	 fn	 prec	 rec	 f1
I-NAME	 0	 1	 12	 0.0	 0.0	 0.0
I-TREATMENT	 2408	 220	 447	 0.9162862	 0.84343255	 0.87835133
B-DATE	 125	 10	 12	 0.9259259	 0.91240877	 0.9191177
I-DATE	 50	 3	 3	 0.9433962	 0.9433962	 0.9433962
I-LOCATION	 27	 9	 7	 0.75	 0.7941176	 0.7714285
I-PROBLEM	 4512	 421	 538	 0.9146564	 0.89346534	 0.9039367
I-PROFESSION	 3	 0	 8	 1.0	 0.27272728	 0.42857146
B-NAME	 11	 2	 15	 0.84615386	 0.42307693	 0.56410253
B-PROBLEM	 2656	 328	 347	 0.89008045	 0.8844489	 0.8872557
B-AGE	 53	 4	 4	 0.9298246	 0.9298246	 0.9298246
I-TEST	 829	 196	 174	 0.8087805	 0.82652044	 0.81755424
B-TEST	 715	 230	 109	 0.75661373	 0.86771846	 0.8083663
B-ID	 1	 0	 0	 1.0	 1.0	 1.0
B-TREATMENT	 1827	 269	 330	 0.8716603	 0.8470097	 0.8591582
B-PROFESSION	 3	 1	 8	 0.75	 0.27272728	 0.40000004
B-LOCATION	 26	 10	 15	 0.7222222	 0.63414633	 0.6753246
I-ID	 1	 0	 0	 1.0	 1.0	 1.0
B-CONTACT	 0	 0	 1	 0.0	 0.0	 0.0
tp: 13247 fp: 1704 fn: 2030 labels: 18
Macro-average	 prec: 0.7792, rec: 0.68583447, f1: 0.7295422
Micro-average	 prec: 0.8860277, rec: 0.8671205, f1: 0.8764722
Quality on test dataset: 
time to finish evaluation: 26.73s
Total test loss: 333.2527	Avg test loss: 1.0222
label	 tp	 fp	 fn	 prec	 rec	 f1
I-NAME	 2	 0	 13	 1.0	 0.13333334	 0.23529413
I-AGE	 0	 0	 1	 0.0	 0.0	 0.0
I-TREATMENT	 3037	 282	 529	 0.91503465	 0.8516545	 0.8822077
B-DATE	 167	 16	 9	 0.91256833	 0.9488636	 0.9303621
I-DATE	 33	 1	 5	 0.9705882	 0.8684211	 0.9166666
I-LOCATION	 33	 11	 12	 0.75	 0.73333335	 0.74157304
I-PROBLEM	 5634	 424	 534	 0.9300099	 0.91342413	 0.92164236
I-PROFESSION	 0	 0	 8	 0.0	 0.0	 0.0
B-NAME	 19	 3	 14	 0.8636364	 0.57575756	 0.690909
B-PROBLEM	 3228	 360	 394	 0.89966553	 0.89122033	 0.89542294
B-AGE	 52	 2	 4	 0.962963	 0.9285714	 0.94545454
I-TEST	 1130	 178	 232	 0.8639144	 0.82966226	 0.846442
B-TEST	 974	 259	 156	 0.7899432	 0.8619469	 0.8243758
B-ID	 3	 1	 3	 0.75	 0.5	 0.6
B-TREATMENT	 2246	 349	 381	 0.8655106	 0.85496765	 0.8602068
B-PROFESSION	 0	 0	 12	 0.0	 0.0	 0.0
B-LOCATION	 38	 14	 25	 0.7307692	 0.6031746	 0.66086954
I-ID	 0	 0	 1	 0.0	 0.0	 0.0
B-CONTACT	 0	 0	 2	 0.0	 0.0	 0.0
tp: 16596 fp: 1900 fn: 2335 labels: 19
Macro-average	 prec: 0.6423476, rec: 0.5523332, f1: 0.5939493
Micro-average	 prec: 0.8972751, rec: 0.8766573, f1: 0.8868463


Epoch 4/35 started, lr: 9.852217E-4, dataset size: 20615


Epoch 4/35 - 111.20s - loss: 1042.7552 - avg training loss: 1.0123837 - batches: 1030
Quality on validation dataset (20.0%), validation examples = 4123
time to finish evaluation: 21.76s
Total validation loss: 219.4588	Avg validation loss: 0.8344
label	 tp	 fp	 fn	 prec	 rec	 f1
I-NAME	 0	 2	 12	 0.0	 0.0	 0.0
I-TREATMENT	 2514	 297	 341	 0.8943437	 0.8805604	 0.88739854
B-DATE	 127	 11	 10	 0.9202899	 0.9270073	 0.9236364
I-DATE	 50	 4	 3	 0.9259259	 0.9433962	 0.9345795
I-LOCATION	 29	 1	 5	 0.96666664	 0.85294116	 0.90625
I-PROBLEM	 4739	 565	 311	 0.8934766	 0.9384158	 0.91539496
I-PROFESSION	 6	 2	 5	 0.75	 0.54545456	 0.631579
B-NAME	 14	 4	 12	 0.7777778	 0.53846157	 0.6363637
B-PROBLEM	 2791	 476	 212	 0.85430056	 0.9294039	 0.89027107
B-AGE	 54	 2	 3	 0.96428573	 0.94736844	 0.9557522
I-TEST	 740	 55	 263	 0.9308176	 0.73778665	 0.8231368
B-TEST	 620	 48	 204	 0.92814374	 0.75242716	 0.8310992
B-ID	 1	 0	 0	 1.0	 1.0	 1.0
B-TREATMENT	 1811	 230	 346	 0.88731015	 0.83959204	 0.8627918
B-PROFESSION	 4	 3	 7	 0.5714286	 0.36363637	 0.44444445
B-LOCATION	 27	 3	 14	 0.9	 0.6585366	 0.76056343
I-ID	 1	 0	 0	 1.0	 1.0	 1.0
B-CONTACT	 0	 0	 1	 0.0	 0.0	 0.0
tp: 13528 fp: 1703 fn: 1749 labels: 18
Macro-average	 prec: 0.7869314, rec: 0.714166, f1: 0.748785
Micro-average	 prec: 0.88818854, rec: 0.8855142, f1: 0.88684934
Quality on test dataset: 
time to finish evaluation: 26.62s
Total test loss: 269.3063	Avg test loss: 0.8261
label	 tp	 fp	 fn	 prec	 rec	 f1
I-NAME	 6	 12	 9	 0.33333334	 0.4	 0.36363637
I-AGE	 0	 0	 1	 0.0	 0.0	 0.0
I-TREATMENT	 3158	 359	 408	 0.89792436	 0.8855861	 0.89171255
B-DATE	 169	 12	 7	 0.93370163	 0.96022725	 0.94677866
I-DATE	 34	 0	 4	 1.0	 0.8947368	 0.9444445
I-LOCATION	 28	 3	 17	 0.9032258	 0.62222224	 0.7368421
I-PROBLEM	 5837	 647	 331	 0.9002159	 0.9463359	 0.9226999
I-PROFESSION	 2	 3	 6	 0.4	 0.25	 0.30769232
B-NAME	 23	 8	 10	 0.7419355	 0.6969697	 0.71874994
B-PROBLEM	 3380	 536	 242	 0.8631256	 0.9331861	 0.89678955
B-AGE	 53	 3	 3	 0.9464286	 0.9464286	 0.9464286
I-TEST	 1012	 66	 350	 0.93877554	 0.74302495	 0.82950824
B-TEST	 844	 65	 286	 0.92849284	 0.74690264	 0.82785684
B-ID	 3	 0	 3	 1.0	 0.5	 0.6666667
B-TREATMENT	 2228	 311	 399	 0.87751085	 0.84811574	 0.8625629
B-PROFESSION	 2	 3	 10	 0.4	 0.16666667	 0.23529413
B-LOCATION	 35	 4	 28	 0.8974359	 0.5555556	 0.6862745
I-ID	 1	 0	 0	 1.0	 1.0	 1.0
B-CONTACT	 0	 0	 2	 0.0	 0.0	 0.0
tp: 16815 fp: 2032 fn: 2116 labels: 19
Macro-average	 prec: 0.7348477, rec: 0.6366294, f1: 0.68222165
Micro-average	 prec: 0.89218444, rec: 0.8882257, f1: 0.8902007


Epoch 5/35 started, lr: 9.803922E-4, dataset size: 20615


Epoch 5/35 - 110.82s - loss: 821.60614 - avg training loss: 0.79767585 - batches: 1030
Quality on validation dataset (20.0%), validation examples = 4123
time to finish evaluation: 21.85s
Total validation loss: 199.5099	Avg validation loss: 0.7586
label	 tp	 fp	 fn	 prec	 rec	 f1
I-NAME	 0	 0	 12	 0.0	 0.0	 0.0
I-TREATMENT	 2447	 210	 408	 0.92096347	 0.8570928	 0.887881
B-DATE	 123	 7	 14	 0.9461538	 0.8978102	 0.9213483
I-DATE	 49	 2	 4	 0.9607843	 0.9245283	 0.9423077
I-LOCATION	 26	 0	 8	 1.0	 0.7647059	 0.8666667
I-PROBLEM	 4622	 433	 428	 0.9143422	 0.9152475	 0.9147947
I-PROFESSION	 3	 0	 8	 1.0	 0.27272728	 0.42857146
B-NAME	 10	 1	 16	 0.90909094	 0.3846154	 0.5405405
B-PROBLEM	 2707	 272	 296	 0.9086942	 0.9014319	 0.9050485
B-AGE	 55	 3	 2	 0.94827586	 0.9649123	 0.95652175
I-TEST	 903	 213	 100	 0.8091398	 0.90029913	 0.8522888
B-TEST	 746	 211	 78	 0.7795193	 0.9053398	 0.8377316
B-ID	 1	 0	 0	 1.0	 1.0	 1.0
B-TREATMENT	 1884	 240	 273	 0.8870056	 0.8734353	 0.8801682
B-PROFESSION	 2	 1	 9	 0.6666667	 0.18181819	 0.2857143
B-LOCATION	 22	 1	 19	 0.95652175	 0.5365854	 0.68750006
I-ID	 0	 0	 1	 0.0	 0.0	 0.0
B-CONTACT	 0	 0	 1	 0.0	 0.0	 0.0
tp: 13600 fp: 1594 fn: 1677 labels: 18
Macro-average	 prec: 0.75595325, rec: 0.62669724, f1: 0.68528354
Micro-average	 prec: 0.89509016, rec: 0.89022714, f1: 0.89265203
Quality on test dataset: 
time to finish evaluation: 26.27s
Total test loss: 243.4455	Avg test loss: 0.7468
label	 tp	 fp	 fn	 prec	 rec	 f1
I-NAME	 2	 1	 13	 0.6666667	 0.13333334	 0.22222224
I-AGE	 0	 0	 1	 0.0	 0.0	 0.0
I-TREATMENT	 3082	 213	 484	 0.9353566	 0.86427367	 0.8984113
B-DATE	 168	 11	 8	 0.9385475	 0.95454544	 0.9464789
I-DATE	 33	 0	 5	 1.0	 0.8684211	 0.92957747
I-LOCATION	 28	 3	 17	 0.9032258	 0.62222224	 0.7368421
I-PROBLEM	 5823	 485	 345	 0.9231135	 0.94406617	 0.9334723
I-PROFESSION	 2	 0	 6	 1.0	 0.25	 0.4
B-NAME	 20	 2	 13	 0.90909094	 0.6060606	 0.7272728
B-PROBLEM	 3332	 311	 290	 0.9146308	 0.91993374	 0.91727465
B-AGE	 53	 2	 3	 0.96363634	 0.9464286	 0.954955
I-TEST	 1215	 187	 147	 0.8666191	 0.8920705	 0.8791606
B-TEST	 1013	 211	 117	 0.82761437	 0.8964602	 0.8606627
B-ID	 3	 2	 3	 0.6	 0.5	 0.54545456
B-TREATMENT	 2316	 262	 311	 0.8983708	 0.881614	 0.88991356
B-PROFESSION	 2	 1	 10	 0.6666667	 0.16666667	 0.26666668
B-LOCATION	 34	 3	 29	 0.9189189	 0.53968257	 0.68
I-ID	 0	 0	 1	 0.0	 0.0	 0.0
B-CONTACT	 0	 0	 2	 0.0	 0.0	 0.0
tp: 17126 fp: 1694 fn: 1805 labels: 19
Macro-average	 prec: 0.73328733, rec: 0.5781989, f1: 0.6465732
Micro-average	 prec: 0.90998936, rec: 0.9046537, f1: 0.90731364


Epoch 6/35 started, lr: 9.756098E-4, dataset size: 20615


Epoch 6/35 - 113.67s - loss: 698.6158 - avg training loss: 0.6782678 - batches: 1030
Quality on validation dataset (20.0%), validation examples = 4123
time to finish evaluation: 21.82s
Total validation loss: 166.7570	Avg validation loss: 0.6341
label	 tp	 fp	 fn	 prec	 rec	 f1
I-NAME	 0	 0	 12	 0.0	 0.0	 0.0
I-TREATMENT	 2461	 185	 394	 0.93008316	 0.8619965	 0.8947464
B-DATE	 128	 7	 9	 0.94814813	 0.93430656	 0.94117653
I-DATE	 52	 3	 1	 0.94545454	 0.9811321	 0.9629629
I-LOCATION	 29	 0	 5	 1.0	 0.85294116	 0.9206349
I-PROBLEM	 4705	 401	 345	 0.9214649	 0.9316832	 0.92654586
I-PROFESSION	 4	 0	 7	 1.0	 0.36363637	 0.53333336
B-NAME	 15	 4	 11	 0.7894737	 0.5769231	 0.6666666
B-PROBLEM	 2746	 255	 257	 0.91502833	 0.91441894	 0.9147235
B-AGE	 56	 0	 1	 1.0	 0.98245615	 0.99115044
I-TEST	 890	 152	 113	 0.8541267	 0.887338	 0.8704157
B-TEST	 754	 127	 70	 0.85584563	 0.91504854	 0.88445747
B-ID	 1	 0	 0	 1.0	 1.0	 1.0
B-TREATMENT	 1919	 225	 238	 0.89505595	 0.88966155	 0.89235055
B-PROFESSION	 3	 1	 8	 0.75	 0.27272728	 0.40000004
B-LOCATION	 30	 3	 11	 0.90909094	 0.73170733	 0.8108108
I-ID	 1	 0	 0	 1.0	 1.0	 1.0
B-CONTACT	 0	 0	 1	 0.0	 0.0	 0.0
tp: 13794 fp: 1363 fn: 1483 labels: 18
Macro-average	 prec: 0.81743175, rec: 0.72755426, f1: 0.76987875
Micro-average	 prec: 0.91007453, rec: 0.90292597, f1: 0.90648615
Quality on test dataset: 
time to finish evaluation: 27.51s
Total test loss: 208.7800	Avg test loss: 0.6404
label	 tp	 fp	 fn	 prec	 rec	 f1
I-NAME	 5	 0	 10	 1.0	 0.33333334	 0.5
I-AGE	 0	 0	 1	 0.0	 0.0	 0.0
I-TREATMENT	 3101	 239	 465	 0.92844313	 0.8696018	 0.89805967
B-DATE	 170	 6	 6	 0.96590906	 0.96590906	 0.96590906
I-DATE	 32	 0	 6	 1.0	 0.84210527	 0.9142857
I-LOCATION	 39	 3	 6	 0.9285714	 0.8666667	 0.8965517
I-PROBLEM	 5760	 399	 408	 0.9352168	 0.93385214	 0.934534
I-PROFESSION	 2	 0	 6	 1.0	 0.25	 0.4
B-NAME	 23	 6	 10	 0.79310346	 0.6969697	 0.74193543
B-PROBLEM	 3330	 304	 292	 0.9163456	 0.91938156	 0.91786104
B-AGE	 53	 2	 3	 0.96363634	 0.9464286	 0.954955
I-TEST	 1198	 150	 164	 0.888724	 0.87958884	 0.8841328
B-TEST	 1000	 144	 130	 0.8741259	 0.88495576	 0.8795075
B-ID	 5	 1	 1	 0.8333333	 0.8333333	 0.8333333
B-TREATMENT	 2330	 294	 297	 0.88795733	 0.8869433	 0.88745
B-PROFESSION	 3	 1	 9	 0.75	 0.25	 0.375
B-LOCATION	 48	 6	 15	 0.8888889	 0.7619048	 0.82051283
I-ID	 1	 0	 0	 1.0	 1.0	 1.0
B-CONTACT	 0	 0	 2	 0.0	 0.0	 0.0
tp: 17100 fp: 1555 fn: 1831 labels: 19
Macro-average	 prec: 0.818645, rec: 0.69057757, f1: 0.74917763
Micro-average	 prec: 0.91664433, rec: 0.9032803, f1: 0.9099133


Epoch 7/35 started, lr: 9.7087387E-4, dataset size: 20615


Epoch 7/35 - 109.67s - loss: 603.565 - avg training loss: 0.5859854 - batches: 1030
Quality on validation dataset (20.0%), validation examples = 4123
time to finish evaluation: 21.60s
Total validation loss: 158.1685	Avg validation loss: 0.6014
label	 tp	 fp	 fn	 prec	 rec	 f1
I-NAME	 2	 0	 10	 1.0	 0.16666667	 0.2857143
I-TREATMENT	 2605	 344	 250	 0.8833503	 0.91243434	 0.8976568
B-DATE	 125	 3	 12	 0.9765625	 0.91240877	 0.9433962
I-DATE	 52	 4	 1	 0.9285714	 0.9811321	 0.95412844
I-LOCATION	 29	 4	 5	 0.8787879	 0.85294116	 0.86567163
I-PROBLEM	 4774	 459	 276	 0.9122874	 0.94534653	 0.9285228
I-PROFESSION	 3	 2	 8	 0.6	 0.27272728	 0.37500003
B-NAME	 13	 1	 13	 0.9285714	 0.5	 0.65
B-PROBLEM	 2781	 275	 222	 0.9100131	 0.9260739	 0.9179732
B-AGE	 56	 0	 1	 1.0	 0.98245615	 0.99115044
I-TEST	 777	 49	 226	 0.94067794	 0.77467597	 0.8496446
B-TEST	 690	 52	 134	 0.9299191	 0.8373786	 0.88122606
B-ID	 1	 0	 0	 1.0	 1.0	 1.0
B-TREATMENT	 1956	 270	 201	 0.8787062	 0.906815	 0.8925393
B-PROFESSION	 2	 2	 9	 0.5	 0.18181819	 0.26666668
B-LOCATION	 30	 6	 11	 0.8333333	 0.73170733	 0.7792208
I-ID	 1	 0	 0	 1.0	 1.0	 1.0
B-CONTACT	 0	 0	 1	 0.0	 0.0	 0.0
tp: 13897 fp: 1471 fn: 1380 labels: 18
Macro-average	 prec: 0.8389322, rec: 0.71581006, f1: 0.77249604
Micro-average	 prec: 0.9042816, rec: 0.90966815, f1: 0.90696687
Quality on test dataset: 
time to finish evaluation: 26.30s
Total test loss: 196.5933	Avg test loss: 0.6030
label	 tp	 fp	 fn	 prec	 rec	 f1
I-NAME	 7	 2	 8	 0.7777778	 0.46666667	 0.5833333
I-AGE	 0	 0	 1	 0.0	 0.0	 0.0
I-TREATMENT	 3323	 453	 243	 0.88003176	 0.9318564	 0.9052029
B-DATE	 170	 3	 6	 0.982659	 0.96590906	 0.974212
I-DATE	 37	 1	 1	 0.9736842	 0.9736842	 0.9736842
I-LOCATION	 40	 8	 5	 0.8333333	 0.8888889	 0.860215
I-PROBLEM	 5856	 571	 312	 0.91115606	 0.94941634	 0.92989284
I-PROFESSION	 2	 0	 6	 1.0	 0.25	 0.4
B-NAME	 23	 1	 10	 0.9583333	 0.6969697	 0.80701756
B-PROBLEM	 3363	 319	 259	 0.9133623	 0.92849255	 0.92086536
B-AGE	 53	 2	 3	 0.96363634	 0.9464286	 0.954955
I-TEST	 1044	 51	 318	 0.95342463	 0.76651984	 0.84981686
B-TEST	 915	 69	 215	 0.92987806	 0.8097345	 0.8656575
B-ID	 5	 1	 1	 0.8333333	 0.8333333	 0.8333333
B-TREATMENT	 2405	 338	 222	 0.87677723	 0.91549295	 0.8957169
B-PROFESSION	 2	 0	 10	 1.0	 0.16666667	 0.2857143
B-LOCATION	 51	 11	 12	 0.82258064	 0.8095238	 0.81600004
I-ID	 1	 0	 0	 1.0	 1.0	 1.0
B-CONTACT	 0	 0	 2	 0.0	 0.0	 0.0
tp: 17297 fp: 1830 fn: 1634 labels: 19
Macro-average	 prec: 0.82157725, rec: 0.69997805, f1: 0.7559187
Micro-average	 prec: 0.90432376, rec: 0.9136866, f1: 0.9089811


Epoch 8/35 started, lr: 9.6618367E-4, dataset size: 20615


Epoch 8/35 - 110.99s - loss: 524.5365 - avg training loss: 0.50925875 - batches: 1030
Quality on validation dataset (20.0%), validation examples = 4123
time to finish evaluation: 20.88s
Total validation loss: 146.3010	Avg validation loss: 0.5563
label	 tp	 fp	 fn	 prec	 rec	 f1
I-NAME	 4	 0	 8	 1.0	 0.33333334	 0.5
I-TREATMENT	 2639	 303	 216	 0.89700884	 0.9243432	 0.91047096
B-DATE	 127	 5	 10	 0.9621212	 0.9270073	 0.94423795
I-DATE	 52	 3	 1	 0.94545454	 0.9811321	 0.9629629
I-LOCATION	 30	 2	 4	 0.9375	 0.88235295	 0.90909094
I-PROBLEM	 4677	 324	 373	 0.93521297	 0.92613864	 0.9306537
I-PROFESSION	 2	 0	 9	 1.0	 0.18181819	 0.3076923
B-NAME	 15	 0	 11	 1.0	 0.5769231	 0.7317073
B-PROBLEM	 2755	 205	 248	 0.9307432	 0.9174159	 0.9240315
B-AGE	 55	 0	 2	 1.0	 0.9649123	 0.98214287
I-TEST	 907	 166	 96	 0.8452936	 0.90428716	 0.8737958
B-TEST	 745	 99	 79	 0.8827014	 0.9041262	 0.8932854
B-ID	 1	 1	 0	 0.5	 1.0	 0.6666667
B-TREATMENT	 1980	 241	 177	 0.89149034	 0.9179416	 0.90452266
B-PROFESSION	 2	 0	 9	 1.0	 0.18181819	 0.3076923
B-LOCATION	 31	 5	 10	 0.8611111	 0.75609756	 0.8051948
I-ID	 1	 1	 0	 0.5	 1.0	 0.6666667
B-CONTACT	 0	 0	 1	 0.0	 0.0	 0.0
tp: 14023 fp: 1355 fn: 1254 labels: 18
Macro-average	 prec: 0.8382576, rec: 0.7377582, f1: 0.7848036
Micro-average	 prec: 0.9118871, rec: 0.9179158, f1: 0.9148915
Quality on test dataset: 
time to finish evaluation: 26.91s
Total test loss: 178.5477	Avg test loss: 0.5477
label	 tp	 fp	 fn	 prec	 rec	 f1
I-NAME	 9	 5	 6	 0.64285713	 0.6	 0.62068963
I-AGE	 0	 0	 1	 0.0	 0.0	 0.0
I-TREATMENT	 3271	 343	 295	 0.9050913	 0.91727424	 0.91114205
B-DATE	 169	 6	 7	 0.9657143	 0.96022725	 0.962963
I-DATE	 34	 0	 4	 1.0	 0.8947368	 0.9444445
I-LOCATION	 43	 13	 2	 0.76785713	 0.95555556	 0.8514851
I-PROBLEM	 5791	 313	 377	 0.9487221	 0.93887806	 0.9437744
I-PROFESSION	 4	 1	 4	 0.8	 0.5	 0.61538464
B-NAME	 24	 3	 9	 0.8888889	 0.72727275	 0.8
B-PROBLEM	 3331	 230	 291	 0.9354114	 0.91965765	 0.9274676
B-AGE	 53	 1	 3	 0.9814815	 0.9464286	 0.9636364
I-TEST	 1220	 154	 142	 0.8879185	 0.8957416	 0.89181286
B-TEST	 1000	 132	 130	 0.8833922	 0.88495576	 0.8841733
B-ID	 5	 1	 1	 0.8333333	 0.8333333	 0.8333333
B-TREATMENT	 2395	 309	 232	 0.88572484	 0.91168636	 0.89851815
B-PROFESSION	 4	 1	 8	 0.8	 0.33333334	 0.47058827
B-LOCATION	 50	 12	 13	 0.8064516	 0.7936508	 0.8
I-ID	 1	 0	 0	 1.0	 1.0	 1.0
B-CONTACT	 0	 0	 2	 0.0	 0.0	 0.0
tp: 17404 fp: 1524 fn: 1527 labels: 19
Macro-average	 prec: 0.78593916, rec: 0.7375121, f1: 0.7609559
Micro-average	 prec: 0.9194844, rec: 0.91933864, f1: 0.9194115


Epoch 9/35 started, lr: 9.615385E-4, dataset size: 20615


Epoch 9/35 - 108.41s - loss: 463.09558 - avg training loss: 0.44960737 - batches: 1030
Quality on validation dataset (20.0%), validation examples = 4123
time to finish evaluation: 20.57s
Total validation loss: 146.1529	Avg validation loss: 0.5557
label	 tp	 fp	 fn	 prec	 rec	 f1
I-NAME	 2	 0	 10	 1.0	 0.16666667	 0.2857143
I-TREATMENT	 2524	 225	 331	 0.91815203	 0.88406307	 0.90078515
B-DATE	 125	 4	 12	 0.96899223	 0.91240877	 0.9398496
I-DATE	 50	 2	 3	 0.96153843	 0.9433962	 0.9523809
I-LOCATION	 29	 0	 5	 1.0	 0.85294116	 0.9206349
I-PROBLEM	 4751	 412	 299	 0.9202014	 0.9407921	 0.9303828
I-PROFESSION	 4	 0	 7	 1.0	 0.36363637	 0.53333336
B-NAME	 16	 1	 10	 0.9411765	 0.61538464	 0.74418604
B-PROBLEM	 2740	 208	 263	 0.9294437	 0.9124209	 0.92085373
B-AGE	 56	 0	 1	 1.0	 0.98245615	 0.99115044
I-TEST	 919	 190	 84	 0.8286745	 0.91625124	 0.8702651
B-TEST	 754	 128	 70	 0.85487527	 0.91504854	 0.883939
B-ID	 1	 1	 0	 0.5	 1.0	 0.6666667
B-TREATMENT	 1945	 237	 212	 0.89138407	 0.90171534	 0.8965199
B-PROFESSION	 3	 1	 8	 0.75	 0.27272728	 0.40000004
B-LOCATION	 31	 6	 10	 0.8378378	 0.75609756	 0.79487175
I-ID	 1	 1	 0	 0.5	 1.0	 0.6666667
B-CONTACT	 0	 0	 1	 0.0	 0.0	 0.0
tp: 13951 fp: 1416 fn: 1326 labels: 18
Macro-average	 prec: 0.8223487, rec: 0.74088925, f1: 0.7794966
Micro-average	 prec: 0.9078545, rec: 0.9132029, f1: 0.9105209
Quality on test dataset: 
time to finish evaluation: 25.43s
Total test loss: 180.1942	Avg test loss: 0.5527
label	 tp	 fp	 fn	 prec	 rec	 f1
I-NAME	 5	 0	 10	 1.0	 0.33333334	 0.5
I-AGE	 0	 0	 1	 0.0	 0.0	 0.0
I-TREATMENT	 3191	 259	 375	 0.92492753	 0.8948402	 0.9096352
B-DATE	 169	 3	 7	 0.98255813	 0.96022725	 0.97126436
I-DATE	 35	 0	 3	 1.0	 0.92105263	 0.9589041
I-LOCATION	 42	 6	 3	 0.875	 0.93333334	 0.9032258
I-PROBLEM	 5863	 461	 305	 0.9271031	 0.9505512	 0.9386807
I-PROFESSION	 3	 0	 5	 1.0	 0.375	 0.54545456
B-NAME	 24	 3	 9	 0.8888889	 0.72727275	 0.8
B-PROBLEM	 3317	 248	 305	 0.93043476	 0.9157924	 0.9230555
B-AGE	 53	 2	 3	 0.96363634	 0.9464286	 0.954955
I-TEST	 1246	 140	 116	 0.8989899	 0.9148311	 0.9068413
B-TEST	 1020	 133	 110	 0.88464874	 0.9026549	 0.89356107
B-ID	 5	 1	 1	 0.8333333	 0.8333333	 0.8333333
B-TREATMENT	 2371	 284	 256	 0.893032	 0.90255046	 0.89776593
B-PROFESSION	 4	 1	 8	 0.8	 0.33333334	 0.47058827
B-LOCATION	 54	 11	 9	 0.83076924	 0.85714287	 0.84375
I-ID	 1	 0	 0	 1.0	 1.0	 1.0
B-CONTACT	 0	 0	 2	 0.0	 0.0	 0.0
tp: 17403 fp: 1552 fn: 1528 labels: 19
Macro-average	 prec: 0.8228064, rec: 0.72114086, f1: 0.76862645
Micro-average	 prec: 0.9181219, rec: 0.91928583, f1: 0.9187035


Epoch 10/35 started, lr: 9.569379E-4, dataset size: 20615


Epoch 10/35 - 112.67s - loss: 423.6155 - avg training loss: 0.4112772 - batches: 1030
Quality on validation dataset (20.0%), validation examples = 4123
time to finish evaluation: 21.58s
Total validation loss: 140.1333	Avg validation loss: 0.5328
label	 tp	 fp	 fn	 prec	 rec	 f1
I-NAME	 0	 0	 12	 0.0	 0.0	 0.0
I-TREATMENT	 2695	 327	 160	 0.8917935	 0.943958	 0.9171346
B-DATE	 128	 5	 9	 0.96240604	 0.93430656	 0.9481482
I-DATE	 52	 3	 1	 0.94545454	 0.9811321	 0.9629629
I-LOCATION	 30	 0	 4	 1.0	 0.88235295	 0.9375
I-PROBLEM	 4697	 290	 353	 0.9418488	 0.930099	 0.93593705
I-PROFESSION	 4	 1	 7	 0.8	 0.36363637	 0.5
B-NAME	 12	 2	 14	 0.85714287	 0.46153846	 0.59999996
B-PROBLEM	 2739	 186	 264	 0.93641025	 0.9120879	 0.92408913
B-AGE	 57	 0	 0	 1.0	 1.0	 1.0
I-TEST	 897	 97	 106	 0.9024145	 0.89431703	 0.89834756
B-TEST	 739	 83	 85	 0.89902675	 0.8968447	 0.8979343
B-ID	 1	 0	 0	 1.0	 1.0	 1.0
B-TREATMENT	 2019	 265	 138	 0.8839755	 0.9360223	 0.9092547
B-PROFESSION	 3	 2	 8	 0.6	 0.27272728	 0.37500003
B-LOCATION	 31	 3	 10	 0.9117647	 0.75609756	 0.82666665
I-ID	 1	 0	 0	 1.0	 1.0	 1.0
B-CONTACT	 0	 0	 1	 0.0	 0.0	 0.0
tp: 14105 fp: 1264 fn: 1172 labels: 18
Macro-average	 prec: 0.8073466, rec: 0.73139554, f1: 0.76749665
Micro-average	 prec: 0.9177565, rec: 0.92328334, f1: 0.9205116
Quality on test dataset: 
time to finish evaluation: 26.14s
Total test loss: 177.9831	Avg test loss: 0.5460
label	 tp	 fp	 fn	 prec	 rec	 f1
I-NAME	 4	 0	 11	 1.0	 0.26666668	 0.42105266
I-AGE	 0	 0	 1	 0.0	 0.0	 0.0
I-TREATMENT	 3352	 394	 214	 0.89482117	 0.9399888	 0.91684896
B-DATE	 171	 8	 5	 0.95530725	 0.97159094	 0.9633803
I-DATE	 35	 0	 3	 1.0	 0.92105263	 0.9589041
I-LOCATION	 41	 4	 4	 0.9111111	 0.9111111	 0.9111111
I-PROBLEM	 5777	 328	 391	 0.94627357	 0.9366083	 0.94141614
I-PROFESSION	 3	 0	 5	 1.0	 0.375	 0.54545456
B-NAME	 22	 3	 11	 0.88	 0.6666667	 0.75862074
B-PROBLEM	 3324	 218	 298	 0.93845284	 0.917725	 0.9279732
B-AGE	 53	 1	 3	 0.9814815	 0.9464286	 0.9636364
I-TEST	 1188	 100	 174	 0.92236024	 0.8722467	 0.89660376
B-TEST	 998	 102	 132	 0.90727276	 0.88318586	 0.8950672
B-ID	 5	 1	 1	 0.8333333	 0.8333333	 0.8333333
B-TREATMENT	 2442	 334	 185	 0.879683	 0.92957747	 0.9039423
B-PROFESSION	 3	 0	 9	 1.0	 0.25	 0.4
B-LOCATION	 52	 6	 11	 0.8965517	 0.82539684	 0.8595041
I-ID	 1	 0	 0	 1.0	 1.0	 1.0
B-CONTACT	 0	 0	 2	 0.0	 0.0	 0.0
tp: 17471 fp: 1499 fn: 1460 labels: 19
Macro-average	 prec: 0.8392973, rec: 0.7077146, f1: 0.76791
Micro-average	 prec: 0.9209805, rec: 0.92287785, f1: 0.9219282


Epoch 11/35 started, lr: 9.5238106E-4, dataset size: 20615


Epoch 11/35 - 111.29s - loss: 376.93558 - avg training loss: 0.36595687 - batches: 1030
Quality on validation dataset (20.0%), validation examples = 4123
time to finish evaluation: 21.45s
Total validation loss: 144.3577	Avg validation loss: 0.5489
label	 tp	 fp	 fn	 prec	 rec	 f1
I-NAME	 4	 3	 8	 0.5714286	 0.33333334	 0.42105266
I-TREATMENT	 2675	 319	 180	 0.8934536	 0.9369527	 0.91468626
B-DATE	 128	 4	 9	 0.969697	 0.93430656	 0.95167285
I-DATE	 52	 3	 1	 0.94545454	 0.9811321	 0.9629629
I-LOCATION	 30	 2	 4	 0.9375	 0.88235295	 0.90909094
I-PROBLEM	 4677	 274	 373	 0.9446576	 0.92613864	 0.93530655
I-PROFESSION	 7	 1	 4	 0.875	 0.6363636	 0.7368421
B-NAME	 16	 4	 10	 0.8	 0.61538464	 0.6956522
B-PROBLEM	 2743	 177	 260	 0.93938357	 0.9134199	 0.9262198
B-AGE	 57	 1	 0	 0.98275864	 1.0	 0.99130434
I-TEST	 879	 82	 124	 0.9146722	 0.8763709	 0.89511204
B-TEST	 738	 71	 86	 0.91223735	 0.8956311	 0.9038579
B-ID	 1	 0	 0	 1.0	 1.0	 1.0
B-TREATMENT	 2016	 258	 141	 0.8865435	 0.9346314	 0.9099526
B-PROFESSION	 5	 2	 6	 0.71428573	 0.45454547	 0.5555556
B-LOCATION	 31	 7	 10	 0.81578946	 0.75609756	 0.7848101
I-ID	 1	 0	 0	 1.0	 1.0	 1.0
B-CONTACT	 0	 0	 1	 0.0	 0.0	 0.0
tp: 14060 fp: 1208 fn: 1217 labels: 18
Macro-average	 prec: 0.83904785, rec: 0.78203666, f1: 0.8095398
Micro-average	 prec: 0.92088026, rec: 0.92033774, f1: 0.9206089
Quality on test dataset: 
time to finish evaluation: 26.25s
Total test loss: 178.0816	Avg test loss: 0.5463
label	 tp	 fp	 fn	 prec	 rec	 f1
I-NAME	 8	 4	 7	 0.6666667	 0.53333336	 0.59259266
I-AGE	 0	 0	 1	 0.0	 0.0	 0.0
I-TREATMENT	 3349	 378	 217	 0.8985779	 0.93914753	 0.91841495
B-DATE	 170	 4	 6	 0.9770115	 0.96590906	 0.9714286
I-DATE	 36	 1	 2	 0.972973	 0.94736844	 0.96
I-LOCATION	 42	 5	 3	 0.89361703	 0.93333334	 0.9130435
I-PROBLEM	 5783	 291	 385	 0.95209086	 0.93758106	 0.94478023
I-PROFESSION	 2	 0	 6	 1.0	 0.25	 0.4
B-NAME	 26	 8	 7	 0.7647059	 0.7878788	 0.7761194
B-PROBLEM	 3323	 208	 299	 0.94109315	 0.91744894	 0.92912066
B-AGE	 53	 3	 3	 0.9464286	 0.9464286	 0.9464286
I-TEST	 1177	 59	 185	 0.9522654	 0.8641703	 0.9060816
B-TEST	 999	 92	 131	 0.9156737	 0.8840708	 0.8995948
B-ID	 5	 2	 1	 0.71428573	 0.8333333	 0.7692307
B-TREATMENT	 2442	 331	 185	 0.88063467	 0.92957747	 0.9044444
B-PROFESSION	 3	 1	 9	 0.75	 0.25	 0.375
B-LOCATION	 51	 9	 12	 0.85	 0.8095238	 0.82926834
I-ID	 0	 0	 1	 0.0	 0.0	 0.0
B-CONTACT	 0	 0	 2	 0.0	 0.0	 0.0
tp: 17469 fp: 1396 fn: 1462 labels: 19
Macro-average	 prec: 0.74084336, rec: 0.66995287, f1: 0.7036171
Micro-average	 prec: 0.92600054, rec: 0.92277217, f1: 0.9243835


Epoch 12/35 started, lr: 9.478674E-4, dataset size: 20615


Epoch 12/35 - 111.30s - loss: 338.50824 - avg training loss: 0.32864878 - batches: 1030
Quality on validation dataset (20.0%), validation examples = 4123
time to finish evaluation: 21.09s
Total validation loss: 134.6927	Avg validation loss: 0.5121
label	 tp	 fp	 fn	 prec	 rec	 f1
I-NAME	 4	 2	 8	 0.6666667	 0.33333334	 0.44444448
I-TREATMENT	 2688	 284	 167	 0.9044415	 0.94150615	 0.9226017
B-DATE	 127	 3	 10	 0.97692305	 0.9270073	 0.9513108
I-DATE	 50	 4	 3	 0.9259259	 0.9433962	 0.9345795
I-LOCATION	 30	 2	 4	 0.9375	 0.88235295	 0.90909094
I-PROBLEM	 4669	 244	 381	 0.95033586	 0.92455447	 0.9372679
I-PROFESSION	 8	 1	 3	 0.8888889	 0.72727275	 0.8
B-NAME	 15	 3	 11	 0.8333333	 0.5769231	 0.6818182
B-PROBLEM	 2764	 191	 239	 0.93536377	 0.9204129	 0.92782813
B-AGE	 57	 1	 0	 0.98275864	 1.0	 0.99130434
I-TEST	 908	 102	 95	 0.8990099	 0.90528417	 0.9021361
B-TEST	 739	 71	 85	 0.9123457	 0.8968447	 0.9045288
B-ID	 1	 1	 0	 0.5	 1.0	 0.6666667
B-TREATMENT	 2006	 226	 151	 0.89874554	 0.92999536	 0.9141035
B-PROFESSION	 6	 2	 5	 0.75	 0.54545456	 0.631579
B-LOCATION	 32	 7	 9	 0.82051283	 0.7804878	 0.8
I-ID	 1	 1	 0	 0.5	 1.0	 0.6666667
B-CONTACT	 0	 0	 1	 0.0	 0.0	 0.0
tp: 14105 fp: 1145 fn: 1172 labels: 18
Macro-average	 prec: 0.7934862, rec: 0.7908237, f1: 0.79215276
Micro-average	 prec: 0.92491806, rec: 0.92328334, f1: 0.9240999
Quality on test dataset: 
time to finish evaluation: 25.80s
Total test loss: 166.6459	Avg test loss: 0.5112
label	 tp	 fp	 fn	 prec	 rec	 f1
I-NAME	 7	 1	 8	 0.875	 0.46666667	 0.6086956
I-AGE	 0	 0	 1	 0.0	 0.0	 0.0
I-TREATMENT	 3360	 393	 206	 0.89528376	 0.9422322	 0.9181582
B-DATE	 170	 5	 6	 0.9714286	 0.96590906	 0.96866095
I-DATE	 37	 0	 1	 1.0	 0.9736842	 0.9866667
I-LOCATION	 44	 9	 1	 0.8301887	 0.9777778	 0.8979592
I-PROBLEM	 5733	 262	 435	 0.9562969	 0.9294747	 0.942695
I-PROFESSION	 2	 0	 6	 1.0	 0.25	 0.4
B-NAME	 24	 2	 9	 0.9230769	 0.72727275	 0.8135594
B-PROBLEM	 3339	 213	 283	 0.9400338	 0.92186636	 0.9308615
B-AGE	 53	 1	 3	 0.9814815	 0.9464286	 0.9636364
I-TEST	 1208	 72	 154	 0.94375	 0.886931	 0.9144587
B-TEST	 1001	 83	 129	 0.92343175	 0.8858407	 0.9042457
B-ID	 5	 1	 1	 0.8333333	 0.8333333	 0.8333333
B-TREATMENT	 2437	 310	 190	 0.88714963	 0.9276742	 0.9069595
B-PROFESSION	 3	 1	 9	 0.75	 0.25	 0.375
B-LOCATION	 56	 17	 7	 0.7671233	 0.8888889	 0.8235294
I-ID	 1	 0	 0	 1.0	 1.0	 1.0
B-CONTACT	 0	 0	 2	 0.0	 0.0	 0.0
tp: 17480 fp: 1370 fn: 1451 labels: 19
Macro-average	 prec: 0.81460935, rec: 0.7249464, f1: 0.76716685
Micro-average	 prec: 0.92732096, rec: 0.92335325, f1: 0.92533284


Epoch 13/35 started, lr: 9.433963E-4, dataset size: 20615


Epoch 13/35 - 109.20s - loss: 313.72858 - avg training loss: 0.30459085 - batches: 1030
Quality on validation dataset (20.0%), validation examples = 4123
time to finish evaluation: 21.01s
Total validation loss: 148.7651	Avg validation loss: 0.5656
label	 tp	 fp	 fn	 prec	 rec	 f1
I-NAME	 2	 0	 10	 1.0	 0.16666667	 0.2857143
I-TREATMENT	 2656	 240	 199	 0.9171271	 0.93029773	 0.92366546
B-DATE	 130	 4	 7	 0.9701493	 0.9489051	 0.9594096
I-DATE	 52	 3	 1	 0.94545454	 0.9811321	 0.9629629
I-LOCATION	 30	 5	 4	 0.85714287	 0.88235295	 0.86956525
I-PROBLEM	 4612	 218	 438	 0.9548654	 0.9132673	 0.9336032
I-PROFESSION	 4	 3	 7	 0.5714286	 0.36363637	 0.44444445
B-NAME	 16	 2	 10	 0.8888889	 0.61538464	 0.72727275
B-PROBLEM	 2738	 192	 265	 0.934471	 0.9117549	 0.92297316
B-AGE	 57	 2	 0	 0.9661017	 1.0	 0.98275864
I-TEST	 912	 132	 91	 0.87356323	 0.9092722	 0.89106005
B-TEST	 760	 138	 64	 0.84632516	 0.9223301	 0.8826945
B-ID	 1	 1	 0	 0.5	 1.0	 0.6666667
B-TREATMENT	 1952	 200	 205	 0.9070632	 0.9049606	 0.9060106
B-PROFESSION	 3	 3	 8	 0.5	 0.27272728	 0.3529412
B-LOCATION	 35	 15	 6	 0.7	 0.85365856	 0.76923084
I-ID	 1	 1	 0	 0.5	 1.0	 0.6666667
B-CONTACT	 0	 0	 1	 0.0	 0.0	 0.0
tp: 13961 fp: 1159 fn: 1316 labels: 18
Macro-average	 prec: 0.7684767, rec: 0.7542414, f1: 0.7612925
Micro-average	 prec: 0.9233466, rec: 0.91385746, f1: 0.91857755
Quality on test dataset: 
time to finish evaluation: 26.01s
Total test loss: 181.7085	Avg test loss: 0.5574
label	 tp	 fp	 fn	 prec	 rec	 f1
I-NAME	 7	 2	 8	 0.7777778	 0.46666667	 0.5833333
I-AGE	 0	 0	 1	 0.0	 0.0	 0.0
I-TREATMENT	 3364	 321	 202	 0.9128901	 0.9433539	 0.927872
B-DATE	 171	 7	 5	 0.96067417	 0.97159094	 0.96610177
I-DATE	 36	 0	 2	 1.0	 0.94736844	 0.972973
I-LOCATION	 44	 24	 1	 0.64705884	 0.9777778	 0.778761
I-PROBLEM	 5725	 202	 443	 0.96591866	 0.9281777	 0.94667214
I-PROFESSION	 3	 0	 5	 1.0	 0.375	 0.54545456
B-NAME	 27	 1	 6	 0.96428573	 0.8181818	 0.88524586
B-PROBLEM	 3338	 210	 284	 0.94081175	 0.92159027	 0.93110186
B-AGE	 53	 6	 3	 0.89830506	 0.9464286	 0.9217391
I-TEST	 1222	 89	 140	 0.9321129	 0.89721	 0.91432846
B-TEST	 1027	 122	 103	 0.8938207	 0.90884954	 0.9012725
B-ID	 5	 1	 1	 0.8333333	 0.8333333	 0.8333333
B-TREATMENT	 2410	 254	 217	 0.9046547	 0.91739625	 0.9109809
B-PROFESSION	 5	 0	 7	 1.0	 0.41666666	 0.5882353
B-LOCATION	 55	 25	 8	 0.6875	 0.8730159	 0.7692307
I-ID	 1	 0	 0	 1.0	 1.0	 1.0
B-CONTACT	 0	 0	 2	 0.0	 0.0	 0.0
tp: 17493 fp: 1264 fn: 1438 labels: 19
Macro-average	 prec: 0.8062707, rec: 0.7443478, f1: 0.7740728
Micro-average	 prec: 0.9326118, rec: 0.92403996, f1: 0.9283061


Epoch 14/35 started, lr: 9.389671E-4, dataset size: 20615


Epoch 14/35 - 111.53s - loss: 287.37357 - avg training loss: 0.27900347 - batches: 1030
Quality on validation dataset (20.0%), validation examples = 4123
time to finish evaluation: 21.28s
Total validation loss: 139.8274	Avg validation loss: 0.5317
label	 tp	 fp	 fn	 prec	 rec	 f1
I-NAME	 2	 1	 10	 0.6666667	 0.16666667	 0.26666668
I-TREATMENT	 2597	 236	 258	 0.9166961	 0.9096322	 0.9131505
B-DATE	 128	 4	 9	 0.969697	 0.93430656	 0.95167285
I-DATE	 51	 3	 2	 0.9444444	 0.9622642	 0.95327103
I-LOCATION	 30	 3	 4	 0.90909094	 0.88235295	 0.8955224
I-PROBLEM	 4802	 409	 248	 0.9215122	 0.9508911	 0.93597114
I-PROFESSION	 6	 2	 5	 0.75	 0.54545456	 0.631579
B-NAME	 15	 2	 11	 0.88235295	 0.5769231	 0.69767445
B-PROBLEM	 2798	 236	 205	 0.9222149	 0.9317349	 0.9269505
B-AGE	 56	 1	 1	 0.98245615	 0.98245615	 0.98245615
I-TEST	 865	 68	 138	 0.9271168	 0.86241275	 0.89359504
B-TEST	 734	 66	 90	 0.9175	 0.8907767	 0.9039409
B-ID	 1	 1	 0	 0.5	 1.0	 0.6666667
B-TREATMENT	 1966	 201	 191	 0.90724504	 0.9114511	 0.9093432
B-PROFESSION	 4	 3	 7	 0.5714286	 0.36363637	 0.44444445
B-LOCATION	 33	 13	 8	 0.7173913	 0.80487806	 0.75862074
I-ID	 1	 1	 0	 0.5	 1.0	 0.6666667
B-CONTACT	 0	 0	 1	 0.0	 0.0	 0.0
tp: 14089 fp: 1250 fn: 1188 labels: 18
Macro-average	 prec: 0.7725451, rec: 0.7597687, f1: 0.7661036
Micro-average	 prec: 0.91850835, rec: 0.922236, f1: 0.92036843
Quality on test dataset: 
time to finish evaluation: 26.68s
Total test loss: 177.7364	Avg test loss: 0.5452
label	 tp	 fp	 fn	 prec	 rec	 f1
I-NAME	 5	 0	 10	 1.0	 0.33333334	 0.5
I-AGE	 0	 0	 1	 0.0	 0.0	 0.0
I-TREATMENT	 3293	 300	 273	 0.9165043	 0.9234436	 0.91996086
B-DATE	 167	 4	 9	 0.9766082	 0.9488636	 0.96253604
I-DATE	 35	 0	 3	 1.0	 0.92105263	 0.9589041
I-LOCATION	 44	 12	 1	 0.78571427	 0.9777778	 0.8712871
I-PROBLEM	 5865	 460	 303	 0.92727274	 0.95087546	 0.9389258
I-PROFESSION	 2	 0	 6	 1.0	 0.25	 0.4
B-NAME	 24	 2	 9	 0.9230769	 0.72727275	 0.8135594
B-PROBLEM	 3381	 263	 241	 0.9278266	 0.9334622	 0.93063587
B-AGE	 53	 2	 3	 0.96363634	 0.9464286	 0.954955
I-TEST	 1151	 52	 211	 0.9567747	 0.8450808	 0.8974658
B-TEST	 990	 80	 140	 0.92523366	 0.8761062	 0.90000004
B-ID	 5	 1	 1	 0.8333333	 0.8333333	 0.8333333
B-TREATMENT	 2416	 253	 211	 0.90520793	 0.91968024	 0.91238666
B-PROFESSION	 3	 0	 9	 1.0	 0.25	 0.4
B-LOCATION	 60	 29	 3	 0.6741573	 0.95238096	 0.7894737
I-ID	 1	 0	 0	 1.0	 1.0	 1.0
B-CONTACT	 0	 0	 2	 0.0	 0.0	 0.0
tp: 17495 fp: 1458 fn: 1436 labels: 19
Macro-average	 prec: 0.82712346, rec: 0.7152154, f1: 0.7671096
Micro-average	 prec: 0.9230729, rec: 0.9241456, f1: 0.92360884


Epoch 15/35 started, lr: 9.345794E-4, dataset size: 20615


Epoch 15/35 - 111.39s - loss: 260.3215 - avg training loss: 0.2527393 - batches: 1030
Quality on validation dataset (20.0%), validation examples = 4123
time to finish evaluation: 21.02s
Total validation loss: 147.8489	Avg validation loss: 0.5622
label	 tp	 fp	 fn	 prec	 rec	 f1
I-NAME	 2	 2	 10	 0.5	 0.16666667	 0.25
I-TREATMENT	 2673	 270	 182	 0.9082569	 0.9362522	 0.922042
B-DATE	 127	 5	 10	 0.9621212	 0.9270073	 0.94423795
I-DATE	 52	 5	 1	 0.9122807	 0.9811321	 0.94545454
I-LOCATION	 30	 0	 4	 1.0	 0.88235295	 0.9375
I-PROBLEM	 4704	 283	 346	 0.94325244	 0.9314852	 0.9373319
I-PROFESSION	 6	 1	 5	 0.85714287	 0.54545456	 0.6666667
B-NAME	 17	 4	 9	 0.8095238	 0.65384614	 0.7234042
B-PROBLEM	 2743	 183	 260	 0.93745726	 0.9134199	 0.9252825
B-AGE	 56	 1	 1	 0.98245615	 0.98245615	 0.98245615
I-TEST	 930	 119	 73	 0.88655865	 0.9272183	 0.90643275
B-TEST	 760	 106	 64	 0.87759817	 0.9223301	 0.89940834
B-ID	 1	 0	 0	 1.0	 1.0	 1.0
B-TREATMENT	 1995	 218	 162	 0.90149117	 0.9248957	 0.91304344
B-PROFESSION	 4	 2	 7	 0.6666667	 0.36363637	 0.47058827
B-LOCATION	 31	 1	 10	 0.96875	 0.75609756	 0.84931505
I-ID	 1	 0	 0	 1.0	 1.0	 1.0
B-CONTACT	 0	 0	 1	 0.0	 0.0	 0.0
tp: 14132 fp: 1200 fn: 1145 labels: 18
Macro-average	 prec: 0.839642, rec: 0.7674583, f1: 0.8019291
Micro-average	 prec: 0.9217323, rec: 0.92505074, f1: 0.92338854
Quality on test dataset: 
time to finish evaluation: 26.24s
Total test loss: 179.3112	Avg test loss: 0.5500
label	 tp	 fp	 fn	 prec	 rec	 f1
I-NAME	 6	 0	 9	 1.0	 0.4	 0.5714286
I-AGE	 0	 0	 1	 0.0	 0.0	 0.0
I-TREATMENT	 3340	 304	 226	 0.9165752	 0.9366237	 0.926491
B-DATE	 170	 6	 6	 0.96590906	 0.96590906	 0.96590906
I-DATE	 37	 0	 1	 1.0	 0.9736842	 0.9866667
I-LOCATION	 37	 4	 8	 0.902439	 0.82222223	 0.8604651
I-PROBLEM	 5792	 326	 376	 0.94671464	 0.9390402	 0.9428618
I-PROFESSION	 2	 0	 6	 1.0	 0.25	 0.4
B-NAME	 26	 4	 7	 0.8666667	 0.7878788	 0.82539684
B-PROBLEM	 3333	 198	 289	 0.94392526	 0.9202098	 0.9319167
B-AGE	 53	 3	 3	 0.9464286	 0.9464286	 0.9464286
I-TEST	 1228	 92	 134	 0.93030304	 0.90161526	 0.9157345
B-TEST	 1032	 127	 98	 0.89042276	 0.91327435	 0.90170383
B-ID	 5	 1	 1	 0.8333333	 0.8333333	 0.8333333
B-TREATMENT	 2449	 267	 178	 0.90169364	 0.9322421	 0.9167135
B-PROFESSION	 3	 1	 9	 0.75	 0.25	 0.375
B-LOCATION	 44	 3	 19	 0.9361702	 0.6984127	 0.8
I-ID	 1	 0	 0	 1.0	 1.0	 1.0
B-CONTACT	 0	 0	 2	 0.0	 0.0	 0.0
tp: 17558 fp: 1336 fn: 1373 labels: 19
Macro-average	 prec: 0.82792526, rec: 0.70899343, f1: 0.7638577
Micro-average	 prec: 0.9292897, rec: 0.9274735, f1: 0.9283807


Epoch 16/35 started, lr: 9.302326E-4, dataset size: 20615


Epoch 16/35 - 108.91s - loss: 258.78024 - avg training loss: 0.25124297 - batches: 1030
Quality on validation dataset (20.0%), validation examples = 4123
time to finish evaluation: 21.09s
Total validation loss: 158.0079	Avg validation loss: 0.6008
label	 tp	 fp	 fn	 prec	 rec	 f1
I-NAME	 2	 1	 10	 0.6666667	 0.16666667	 0.26666668
I-TREATMENT	 2668	 278	 187	 0.90563476	 0.9345009	 0.9198414
B-DATE	 130	 3	 7	 0.97744364	 0.9489051	 0.962963
I-DATE	 52	 2	 1	 0.962963	 0.9811321	 0.9719626
I-LOCATION	 29	 2	 5	 0.9354839	 0.85294116	 0.89230776
I-PROBLEM	 4676	 268	 374	 0.94579285	 0.9259406	 0.93576145
I-PROFESSION	 7	 1	 4	 0.875	 0.6363636	 0.7368421
B-NAME	 17	 4	 9	 0.8095238	 0.65384614	 0.7234042
B-PROBLEM	 2737	 167	 266	 0.94249314	 0.9114219	 0.9266972
B-AGE	 55	 3	 2	 0.94827586	 0.9649123	 0.95652175
I-TEST	 930	 152	 73	 0.8595194	 0.9272183	 0.8920863
B-TEST	 770	 137	 54	 0.8489526	 0.934466	 0.8896591
B-ID	 1	 0	 0	 1.0	 1.0	 1.0
B-TREATMENT	 1993	 211	 164	 0.904265	 0.9239685	 0.9140105
B-PROFESSION	 5	 2	 6	 0.71428573	 0.45454547	 0.5555556
B-LOCATION	 32	 4	 9	 0.8888889	 0.7804878	 0.83116883
I-ID	 1	 0	 0	 1.0	 1.0	 1.0
B-CONTACT	 0	 0	 1	 0.0	 0.0	 0.0
tp: 14105 fp: 1235 fn: 1172 labels: 18
Macro-average	 prec: 0.8436216, rec: 0.77762866, f1: 0.809282
Micro-average	 prec: 0.9194915, rec: 0.92328334, f1: 0.92138356
Quality on test dataset: 
time to finish evaluation: 25.62s
Total test loss: 189.3750	Avg test loss: 0.5809
label	 tp	 fp	 fn	 prec	 rec	 f1
I-NAME	 5	 0	 10	 1.0	 0.33333334	 0.5
I-AGE	 0	 0	 1	 0.0	 0.0	 0.0
I-TREATMENT	 3381	 377	 185	 0.8996807	 0.94812113	 0.92326593
B-DATE	 170	 4	 6	 0.9770115	 0.96590906	 0.9714286
I-DATE	 36	 0	 2	 1.0	 0.94736844	 0.972973
I-LOCATION	 41	 11	 4	 0.78846157	 0.9111111	 0.8453609
I-PROBLEM	 5762	 283	 406	 0.9531844	 0.9341764	 0.9435847
I-PROFESSION	 3	 0	 5	 1.0	 0.375	 0.54545456
B-NAME	 25	 3	 8	 0.89285713	 0.75757575	 0.81967217
B-PROBLEM	 3320	 187	 302	 0.9466781	 0.9166207	 0.931407
B-AGE	 53	 4	 3	 0.9298246	 0.9464286	 0.93805313
I-TEST	 1236	 157	 126	 0.88729364	 0.907489	 0.8972777
B-TEST	 1035	 144	 95	 0.8778626	 0.9159292	 0.896492
B-ID	 5	 1	 1	 0.8333333	 0.8333333	 0.8333333
B-TREATMENT	 2445	 272	 182	 0.8998896	 0.93071944	 0.9150449
B-PROFESSION	 4	 0	 8	 1.0	 0.33333334	 0.5
B-LOCATION	 52	 11	 11	 0.82539684	 0.82539684	 0.82539684
I-ID	 1	 0	 0	 1.0	 1.0	 1.0
B-CONTACT	 0	 0	 2	 0.0	 0.0	 0.0
tp: 17574 fp: 1454 fn: 1357 labels: 19
Macro-average	 prec: 0.82691973, rec: 0.7253602, f1: 0.7728176
Micro-average	 prec: 0.9235863, rec: 0.9283186, f1: 0.9259464


Epoch 17/35 started, lr: 9.259259E-4, dataset size: 20615


Epoch 17/35 - 111.75s - loss: 236.21266 - avg training loss: 0.22933269 - batches: 1030
Quality on validation dataset (20.0%), validation examples = 4123
time to finish evaluation: 21.05s
Total validation loss: 140.6411	Avg validation loss: 0.5348
label	 tp	 fp	 fn	 prec	 rec	 f1
I-NAME	 2	 1	 10	 0.6666667	 0.16666667	 0.26666668
I-TREATMENT	 2688	 272	 167	 0.9081081	 0.94150615	 0.9245056
B-DATE	 132	 3	 5	 0.9777778	 0.96350366	 0.97058827
I-DATE	 53	 2	 0	 0.96363634	 1.0	 0.98148143
I-LOCATION	 29	 2	 5	 0.9354839	 0.85294116	 0.89230776
I-PROBLEM	 4729	 335	 321	 0.9338468	 0.93643564	 0.9351394
I-PROFESSION	 4	 0	 7	 1.0	 0.36363637	 0.53333336
B-NAME	 18	 3	 8	 0.85714287	 0.6923077	 0.7659574
B-PROBLEM	 2786	 216	 217	 0.92804796	 0.9277389	 0.9278934
B-AGE	 57	 1	 0	 0.98275864	 1.0	 0.99130434
I-TEST	 900	 89	 103	 0.9100101	 0.89730805	 0.9036144
B-TEST	 744	 67	 80	 0.91738594	 0.9029126	 0.9100917
B-ID	 1	 0	 0	 1.0	 1.0	 1.0
B-TREATMENT	 1998	 205	 159	 0.90694505	 0.9262865	 0.9165138
B-PROFESSION	 3	 1	 8	 0.75	 0.27272728	 0.40000004
B-LOCATION	 31	 4	 10	 0.8857143	 0.75609756	 0.8157895
I-ID	 1	 0	 0	 1.0	 1.0	 1.0
B-CONTACT	 0	 0	 1	 0.0	 0.0	 0.0
tp: 14176 fp: 1201 fn: 1101 labels: 18
Macro-average	 prec: 0.86241806, rec: 0.75555944, f1: 0.80546004
Micro-average	 prec: 0.92189634, rec: 0.9279309, f1: 0.92490375
Quality on test dataset: 
time to finish evaluation: 25.77s
Total test loss: 188.0906	Avg test loss: 0.5770
label	 tp	 fp	 fn	 prec	 rec	 f1
I-NAME	 7	 3	 8	 0.7	 0.46666667	 0.56
I-AGE	 0	 0	 1	 0.0	 0.0	 0.0
I-TREATMENT	 3393	 436	 173	 0.8861321	 0.95148623	 0.917647
B-DATE	 171	 5	 5	 0.97159094	 0.97159094	 0.97159094
I-DATE	 37	 0	 1	 1.0	 0.9736842	 0.9866667
I-LOCATION	 44	 7	 1	 0.8627451	 0.9777778	 0.9166666
I-PROBLEM	 5767	 342	 401	 0.94401705	 0.934987	 0.93948036
I-PROFESSION	 2	 0	 6	 1.0	 0.25	 0.4
B-NAME	 25	 5	 8	 0.8333333	 0.75757575	 0.7936508
B-PROBLEM	 3355	 233	 267	 0.93506134	 0.92628384	 0.9306519
B-AGE	 53	 2	 3	 0.96363634	 0.9464286	 0.954955
I-TEST	 1190	 93	 172	 0.92751366	 0.8737151	 0.8998109
B-TEST	 1000	 82	 130	 0.9242144	 0.88495576	 0.90415907
B-ID	 5	 1	 1	 0.8333333	 0.8333333	 0.8333333
B-TREATMENT	 2451	 282	 176	 0.8968167	 0.9330034	 0.9145522
B-PROFESSION	 2	 1	 10	 0.6666667	 0.16666667	 0.26666668
B-LOCATION	 54	 7	 9	 0.8852459	 0.85714287	 0.87096775
I-ID	 1	 0	 0	 1.0	 1.0	 1.0
B-CONTACT	 0	 0	 2	 0.0	 0.0	 0.0
tp: 17557 fp: 1499 fn: 1374 labels: 19
Macro-average	 prec: 0.80159515, rec: 0.7213314, f1: 0.7593482
Micro-average	 prec: 0.9213371, rec: 0.9274206, f1: 0.92436886


Epoch 18/35 started, lr: 9.21659E-4, dataset size: 20615


Epoch 18/35 - 110.14s - loss: 222.04135 - avg training loss: 0.21557413 - batches: 1030
Quality on validation dataset (20.0%), validation examples = 4123
time to finish evaluation: 20.70s
Total validation loss: 157.2038	Avg validation loss: 0.5977
label	 tp	 fp	 fn	 prec	 rec	 f1
I-NAME	 2	 1	 10	 0.6666667	 0.16666667	 0.26666668
I-TREATMENT	 2635	 276	 220	 0.90518725	 0.9229422	 0.91397846
B-DATE	 130	 2	 7	 0.9848485	 0.9489051	 0.9665427
I-DATE	 53	 2	 0	 0.96363634	 1.0	 0.98148143
I-LOCATION	 29	 3	 5	 0.90625	 0.85294116	 0.8787879
I-PROBLEM	 4716	 307	 334	 0.93888116	 0.9338614	 0.93636453
I-PROFESSION	 5	 0	 6	 1.0	 0.45454547	 0.625
B-NAME	 17	 4	 9	 0.8095238	 0.65384614	 0.7234042
B-PROBLEM	 2759	 200	 244	 0.9324096	 0.9187479	 0.92552835
B-AGE	 57	 1	 0	 0.98275864	 1.0	 0.99130434
I-TEST	 899	 77	 104	 0.9211066	 0.89631104	 0.90853965
B-TEST	 756	 83	 68	 0.9010727	 0.9174757	 0.9092002
B-ID	 1	 0	 0	 1.0	 1.0	 1.0
B-TREATMENT	 1986	 231	 171	 0.8958051	 0.9207232	 0.9080933
B-PROFESSION	 4	 1	 7	 0.8	 0.36363637	 0.5
B-LOCATION	 31	 6	 10	 0.8378378	 0.75609756	 0.79487175
I-ID	 1	 0	 0	 1.0	 1.0	 1.0
B-CONTACT	 0	 0	 1	 0.0	 0.0	 0.0
tp: 14081 fp: 1194 fn: 1196 labels: 18
Macro-average	 prec: 0.8581102, rec: 0.7614833, f1: 0.8069143
Micro-average	 prec: 0.92183304, rec: 0.9217124, f1: 0.9217727
Quality on test dataset: 
time to finish evaluation: 25.28s
Total test loss: 179.2327	Avg test loss: 0.5498
label	 tp	 fp	 fn	 prec	 rec	 f1
I-NAME	 5	 0	 10	 1.0	 0.33333334	 0.5
I-AGE	 0	 0	 1	 0.0	 0.0	 0.0
I-TREATMENT	 3317	 305	 249	 0.9157924	 0.9301739	 0.9229271
B-DATE	 169	 4	 7	 0.9768786	 0.96022725	 0.9684813
I-DATE	 37	 0	 1	 1.0	 0.9736842	 0.9866667
I-LOCATION	 44	 5	 1	 0.8979592	 0.9777778	 0.9361702
I-PROBLEM	 5825	 328	 343	 0.94669265	 0.9443904	 0.94554013
I-PROFESSION	 2	 0	 6	 1.0	 0.25	 0.4
B-NAME	 23	 2	 10	 0.92	 0.6969697	 0.7931034
B-PROBLEM	 3367	 222	 255	 0.9381443	 0.9295969	 0.93385106
B-AGE	 53	 0	 3	 1.0	 0.9464286	 0.9724771
I-TEST	 1218	 76	 144	 0.9412674	 0.8942731	 0.9171686
B-TEST	 1026	 100	 104	 0.91119003	 0.9079646	 0.90957445
B-ID	 5	 1	 1	 0.8333333	 0.8333333	 0.8333333
B-TREATMENT	 2443	 251	 184	 0.90683	 0.9299581	 0.9182484
B-PROFESSION	 3	 1	 9	 0.75	 0.25	 0.375
B-LOCATION	 57	 9	 6	 0.8636364	 0.9047619	 0.88372093
I-ID	 1	 0	 0	 1.0	 1.0	 1.0
B-CONTACT	 0	 0	 2	 0.0	 0.0	 0.0
tp: 17595 fp: 1304 fn: 1336 labels: 19
Macro-average	 prec: 0.8316696, rec: 0.71909857, f1: 0.77129835
Micro-average	 prec: 0.93100166, rec: 0.9294279, f1: 0.93021417


Epoch 19/35 started, lr: 9.174312E-4, dataset size: 20615


Epoch 19/35 - 110.56s - loss: 200.10023 - avg training loss: 0.19427207 - batches: 1030
Quality on validation dataset (20.0%), validation examples = 4123
time to finish evaluation: 20.52s
Total validation loss: 160.8850	Avg validation loss: 0.6117
label	 tp	 fp	 fn	 prec	 rec	 f1
I-NAME	 0	 1	 12	 0.0	 0.0	 0.0
I-TREATMENT	 2655	 303	 200	 0.8975659	 0.92994744	 0.91346973
B-DATE	 129	 3	 8	 0.97727275	 0.94160587	 0.9591079
I-DATE	 51	 2	 2	 0.9622642	 0.9622642	 0.9622642
I-LOCATION	 31	 1	 3	 0.96875	 0.9117647	 0.939394
I-PROBLEM	 4699	 307	 351	 0.9386736	 0.930495	 0.93456644
I-PROFESSION	 5	 1	 6	 0.8333333	 0.45454547	 0.5882353
B-NAME	 17	 5	 9	 0.77272725	 0.65384614	 0.7083333
B-PROBLEM	 2772	 216	 231	 0.92771083	 0.9230769	 0.9253881
B-AGE	 57	 1	 0	 0.98275864	 1.0	 0.99130434
I-TEST	 843	 52	 160	 0.9418994	 0.84047854	 0.88830346
B-TEST	 715	 48	 109	 0.93709046	 0.86771846	 0.90107125
B-ID	 1	 1	 0	 0.5	 1.0	 0.6666667
B-TREATMENT	 2010	 256	 147	 0.8870256	 0.9318498	 0.9088854
B-PROFESSION	 4	 2	 7	 0.6666667	 0.36363637	 0.47058827
B-LOCATION	 29	 3	 12	 0.90625	 0.70731705	 0.7945205
I-ID	 1	 1	 0	 0.5	 1.0	 0.6666667
B-CONTACT	 0	 0	 1	 0.0	 0.0	 0.0
tp: 14019 fp: 1203 fn: 1258 labels: 18
Macro-average	 prec: 0.755555, rec: 0.74547476, f1: 0.750481
Micro-average	 prec: 0.92096967, rec: 0.917654, f1: 0.9193088
Quality on test dataset: 
time to finish evaluation: 25.58s
Total test loss: 204.6251	Avg test loss: 0.6277
label	 tp	 fp	 fn	 prec	 rec	 f1
I-NAME	 3	 2	 12	 0.6	 0.2	 0.3
I-AGE	 0	 0	 1	 0.0	 0.0	 0.0
I-TREATMENT	 3347	 387	 219	 0.8963578	 0.93858665	 0.9169862
B-DATE	 170	 5	 6	 0.9714286	 0.96590906	 0.96866095
I-DATE	 37	 0	 1	 1.0	 0.9736842	 0.9866667
I-LOCATION	 41	 5	 4	 0.8913044	 0.9111111	 0.90109897
I-PROBLEM	 5809	 342	 359	 0.9443993	 0.94179636	 0.94309604
I-PROFESSION	 2	 0	 6	 1.0	 0.25	 0.4
B-NAME	 24	 11	 9	 0.6857143	 0.72727275	 0.70588243
B-PROBLEM	 3371	 230	 251	 0.93612885	 0.93070126	 0.9334071
B-AGE	 53	 0	 3	 1.0	 0.9464286	 0.9724771
I-TEST	 1104	 36	 258	 0.96842104	 0.8105727	 0.88249403
B-TEST	 953	 54	 177	 0.94637537	 0.8433628	 0.89190453
B-ID	 5	 1	 1	 0.8333333	 0.8333333	 0.8333333
B-TREATMENT	 2461	 333	 166	 0.88081604	 0.9368101	 0.9079506
B-PROFESSION	 2	 1	 10	 0.6666667	 0.16666667	 0.26666668
B-LOCATION	 49	 4	 14	 0.9245283	 0.7777778	 0.84482765
I-ID	 1	 0	 0	 1.0	 1.0	 1.0
B-CONTACT	 0	 0	 2	 0.0	 0.0	 0.0
tp: 17432 fp: 1411 fn: 1499 labels: 19
Macro-average	 prec: 0.7971302, rec: 0.69231653, f1: 0.74103546
Micro-average	 prec: 0.9251181, rec: 0.92081773, f1: 0.92296284
Early stopping: test set macro F1 has not improved for more than 6 epochs
