Name of the selected graph: medical-ner-dl/blstm_25_200_128_128.pb
Training started - total epochs: 35 - lr: 0.001 - batch size: 8 - labels: 23 - chars: 85 - training examples: 16614


Epoch 1/35 started, lr: 0.001, dataset size: 16614


Epoch 1/35 - 163.32s - loss: 10416.953 - avg training loss: 5.022639 - batches: 2074
Quality on validation dataset (20.0%), validation examples = 4154
time to finish evaluation: 12.88s
Total validation loss: 1132.3306	Avg validation loss: 2.1527
label	 tp	 fp	 fn	 prec	 rec	 f1
B-DRUG	 226	 37	 80	 0.8593156	 0.7385621	 0.7943761
I-NAME	 0	 0	 19	 0.0	 0.0	 0.0
I-AGE	 0	 0	 1	 0.0	 0.0	 0.0
I-TREATMENT	 2340	 412	 493	 0.8502907	 0.82597953	 0.8379588
B-DATE	 131	 24	 14	 0.8451613	 0.9034483	 0.87333333
I-DATE	 25	 10	 4	 0.71428573	 0.86206895	 0.78124994
I-LOCATION	 25	 0	 25	 1.0	 0.5	 0.6666667
I-PROBLEM	 4109	 342	 1242	 0.92316335	 0.76789385	 0.8384003
I-PROFESSION	 0	 0	 5	 0.0	 0.0	 0.0
B-NAME	 26	 3	 12	 0.8965517	 0.68421054	 0.7761194
B-PROBLEM	 2509	 226	 478	 0.91736746	 0.8399732	 0.87696606
B-AGE	 63	 4	 16	 0.9402985	 0.79746836	 0.86301374
I-TEST	 911	 206	 184	 0.81557745	 0.8319635	 0.823689
B-TEST	 768	 168	 141	 0.82051283	 0.8448845	 0.8325203
B-ID	 0	 0	 5	 0.0	 0.0	 0.0
B-TREATMENT	 1560	 385	 343	 0.80205655	 0.8197583	 0.8108108
B-DOSAGE	 16	 10	 21	 0.61538464	 0.43243244	 0.5079365
B-PROFESSION	 0	 0	 4	 0.0	 0.0	 0.0
B-LOCATION	 29	 5	 24	 0.85294116	 0.5471698	 0.6666667
I-DOSAGE	 15	 10	 4	 0.6	 0.7894737	 0.68181825
I-DRUG	 2	 0	 36	 1.0	 0.05263158	 0.099999994
B-CONTACT	 0	 0	 2	 0.0	 0.0	 0.0
tp: 12755 fp: 1842 fn: 3153 labels: 22
Macro-average	 prec: 0.6114958, rec: 0.5108145, f1: 0.55663913
Micro-average	 prec: 0.8738097, rec: 0.80179787, f1: 0.8362564
Quality on test dataset: 
time to finish evaluation: 14.36s
Total test loss: 1429.2181	Avg test loss: 2.1887
label	 tp	 fp	 fn	 prec	 rec	 f1
B-DRUG	 309	 45	 87	 0.87288135	 0.780303	 0.82399994
I-NAME	 0	 0	 5	 0.0	 0.0	 0.0
I-AGE	 0	 0	 1	 0.0	 0.0	 0.0
I-TREATMENT	 2806	 544	 698	 0.8376119	 0.8007991	 0.8187919
B-DATE	 160	 34	 9	 0.82474226	 0.9467456	 0.8815427
I-DATE	 60	 10	 0	 0.85714287	 1.0	 0.9230769
I-LOCATION	 8	 0	 19	 1.0	 0.2962963	 0.45714283
I-PROBLEM	 4742	 516	 1474	 0.9018638	 0.76287	 0.8265644
I-PROFESSION	 0	 0	 10	 0.0	 0.0	 0.0
B-NAME	 41	 5	 16	 0.8913044	 0.71929824	 0.79611653
B-PROBLEM	 3075	 314	 602	 0.9073473	 0.8362796	 0.8703652
B-AGE	 60	 4	 29	 0.9375	 0.6741573	 0.78431374
I-TEST	 1005	 341	 278	 0.7466568	 0.78332037	 0.7645493
B-TEST	 943	 262	 200	 0.7825726	 0.82502186	 0.80323684
B-ID	 0	 0	 5	 0.0	 0.0	 0.0
B-TREATMENT	 1870	 455	 446	 0.8043011	 0.8074266	 0.80586076
B-DOSAGE	 21	 22	 19	 0.4883721	 0.525	 0.5060241
B-PROFESSION	 0	 0	 12	 0.0	 0.0	 0.0
B-LOCATION	 8	 2	 30	 0.8	 0.21052632	 0.33333334
I-DOSAGE	 21	 23	 5	 0.47727272	 0.8076923	 0.59999996
I-DRUG	 0	 0	 47	 0.0	 0.0	 0.0
tp: 15129 fp: 2577 fn: 3992 labels: 21
Macro-average	 prec: 0.5775986, rec: 0.5131303, f1: 0.5434592
Micro-average	 prec: 0.8544561, rec: 0.7912243, f1: 0.8216255


Epoch 2/35 started, lr: 9.950249E-4, dataset size: 16614


Epoch 2/35 - 172.71s - loss: 4450.8677 - avg training loss: 2.1460307 - batches: 2074
Quality on validation dataset (20.0%), validation examples = 4154
time to finish evaluation: 13.67s
Total validation loss: 895.0094	Avg validation loss: 1.7015
label	 tp	 fp	 fn	 prec	 rec	 f1
B-DRUG	 247	 49	 59	 0.8344595	 0.8071895	 0.820598
I-NAME	 0	 0	 19	 0.0	 0.0	 0.0
I-AGE	 0	 0	 1	 0.0	 0.0	 0.0
I-TREATMENT	 2531	 638	 302	 0.79867464	 0.89339924	 0.8433856
B-DATE	 123	 6	 22	 0.95348835	 0.84827584	 0.89781016
I-DATE	 20	 0	 9	 1.0	 0.6896552	 0.81632656
I-LOCATION	 45	 48	 5	 0.48387095	 0.9	 0.62937057
I-PROBLEM	 3936	 160	 1415	 0.9609375	 0.73556346	 0.8332804
I-PROFESSION	 0	 0	 5	 0.0	 0.0	 0.0
B-NAME	 31	 9	 7	 0.775	 0.81578946	 0.7948718
B-PROBLEM	 2512	 179	 475	 0.933482	 0.84097755	 0.88481855
B-AGE	 61	 1	 18	 0.983871	 0.7721519	 0.8652482
I-TEST	 854	 106	 241	 0.88958335	 0.77990866	 0.83114356
B-TEST	 731	 91	 178	 0.8892944	 0.80418044	 0.84459853
B-ID	 0	 0	 5	 0.0	 0.0	 0.0
B-TREATMENT	 1660	 468	 243	 0.7800752	 0.8723069	 0.823617
B-DOSAGE	 14	 8	 23	 0.6363636	 0.3783784	 0.47457626
B-PROFESSION	 0	 0	 4	 0.0	 0.0	 0.0
B-LOCATION	 40	 9	 13	 0.81632656	 0.754717	 0.7843138
I-DOSAGE	 13	 8	 6	 0.61904764	 0.68421054	 0.65000004
I-DRUG	 13	 10	 25	 0.5652174	 0.34210527	 0.4262295
B-CONTACT	 0	 0	 2	 0.0	 0.0	 0.0
tp: 12831 fp: 1790 fn: 3077 labels: 22
Macro-average	 prec: 0.58725876, rec: 0.541764, f1: 0.56359476
Micro-average	 prec: 0.8775734, rec: 0.8065753, f1: 0.8405778
Quality on test dataset: 
time to finish evaluation: 14.92s
Total test loss: 1070.3513	Avg test loss: 1.6391
label	 tp	 fp	 fn	 prec	 rec	 f1
B-DRUG	 339	 63	 57	 0.8432836	 0.8560606	 0.8496241
I-NAME	 0	 0	 5	 0.0	 0.0	 0.0
I-AGE	 0	 0	 1	 0.0	 0.0	 0.0
I-TREATMENT	 3110	 767	 394	 0.80216664	 0.8875571	 0.84270424
B-DATE	 156	 5	 13	 0.9689441	 0.9230769	 0.94545454
I-DATE	 51	 1	 9	 0.9807692	 0.85	 0.91071427
I-LOCATION	 24	 44	 3	 0.3529412	 0.8888889	 0.50526315
I-PROBLEM	 4577	 245	 1639	 0.9491912	 0.7363256	 0.8293169
I-PROFESSION	 2	 0	 8	 1.0	 0.2	 0.3333333
B-NAME	 48	 4	 9	 0.9230769	 0.84210527	 0.8807339
B-PROBLEM	 3076	 239	 601	 0.9279035	 0.83655155	 0.87986267
B-AGE	 58	 2	 31	 0.96666664	 0.6516854	 0.7785235
I-TEST	 943	 179	 340	 0.84046346	 0.7349961	 0.7841996
B-TEST	 917	 133	 226	 0.87333333	 0.8022747	 0.83629733
B-ID	 0	 0	 5	 0.0	 0.0	 0.0
B-TREATMENT	 2007	 527	 309	 0.7920284	 0.8665803	 0.8276289
B-DOSAGE	 19	 5	 21	 0.7916667	 0.475	 0.59375
B-PROFESSION	 2	 0	 10	 1.0	 0.16666667	 0.2857143
B-LOCATION	 21	 14	 17	 0.6	 0.55263156	 0.5753425
I-DOSAGE	 19	 5	 7	 0.7916667	 0.7307692	 0.76000005
I-DRUG	 26	 17	 21	 0.60465115	 0.5531915	 0.57777774
tp: 15395 fp: 2250 fn: 3726 labels: 21
Macro-average	 prec: 0.71470255, rec: 0.5978267, f1: 0.6510609
Micro-average	 prec: 0.8724851, rec: 0.8051357, f1: 0.8374585


Epoch 3/35 started, lr: 9.90099E-4, dataset size: 16614


Epoch 3/35 - 166.31s - loss: 3277.474 - avg training loss: 1.5802672 - batches: 2074
Quality on validation dataset (20.0%), validation examples = 4154
time to finish evaluation: 11.03s
Total validation loss: 635.0331	Avg validation loss: 1.2073
label	 tp	 fp	 fn	 prec	 rec	 f1
B-DRUG	 263	 50	 43	 0.8402556	 0.8594771	 0.8497577
I-NAME	 4	 4	 15	 0.5	 0.21052632	 0.2962963
I-AGE	 0	 0	 1	 0.0	 0.0	 0.0
I-TREATMENT	 2509	 393	 324	 0.86457616	 0.8856336	 0.8749781
B-DATE	 133	 8	 12	 0.9432624	 0.9172414	 0.9300699
I-DATE	 25	 5	 4	 0.8333333	 0.86206895	 0.8474576
I-LOCATION	 40	 9	 10	 0.81632656	 0.8	 0.80808085
I-PROBLEM	 4608	 464	 743	 0.90851736	 0.86114746	 0.8841984
I-PROFESSION	 0	 0	 5	 0.0	 0.0	 0.0
B-NAME	 31	 11	 7	 0.7380952	 0.81578946	 0.7749999
B-PROBLEM	 2708	 295	 279	 0.9017649	 0.90659523	 0.9041736
B-AGE	 69	 8	 10	 0.8961039	 0.87341774	 0.88461536
I-TEST	 928	 127	 167	 0.87962085	 0.8474886	 0.8632558
B-TEST	 758	 71	 151	 0.9143546	 0.8338834	 0.8722669
B-ID	 0	 0	 5	 0.0	 0.0	 0.0
B-TREATMENT	 1610	 258	 293	 0.86188436	 0.84603256	 0.8538849
B-DOSAGE	 22	 6	 15	 0.78571427	 0.5945946	 0.6769231
B-PROFESSION	 0	 0	 4	 0.0	 0.0	 0.0
B-LOCATION	 43	 8	 10	 0.84313726	 0.8113208	 0.82692313
I-DOSAGE	 14	 7	 5	 0.6666667	 0.7368421	 0.7
I-DRUG	 26	 8	 12	 0.7647059	 0.68421054	 0.7222222
B-CONTACT	 0	 0	 2	 0.0	 0.0	 0.0
tp: 13791 fp: 1732 fn: 2117 labels: 22
Macro-average	 prec: 0.634469, rec: 0.6066486, f1: 0.620247
Micro-average	 prec: 0.8884236, rec: 0.8669223, f1: 0.8775413
Quality on test dataset: 
time to finish evaluation: 14.86s
Total test loss: 796.5009	Avg test loss: 1.2198
label	 tp	 fp	 fn	 prec	 rec	 f1
B-DRUG	 350	 88	 46	 0.79908675	 0.88383836	 0.8393285
I-NAME	 1	 0	 4	 1.0	 0.2	 0.3333333
I-AGE	 0	 0	 1	 0.0	 0.0	 0.0
I-TREATMENT	 3053	 545	 451	 0.84852695	 0.87128997	 0.8597578
B-DATE	 163	 10	 6	 0.94219655	 0.964497	 0.9532164
I-DATE	 60	 3	 0	 0.95238096	 1.0	 0.9756098
I-LOCATION	 19	 1	 8	 0.95	 0.7037037	 0.8085106
I-PROBLEM	 5307	 679	 909	 0.88656867	 0.8537645	 0.86985743
I-PROFESSION	 1	 0	 9	 1.0	 0.1	 0.18181819
B-NAME	 47	 4	 10	 0.92156863	 0.8245614	 0.87037045
B-PROBLEM	 3314	 385	 363	 0.89591783	 0.9012782	 0.89859
B-AGE	 78	 11	 11	 0.8764045	 0.8764045	 0.8764045
I-TEST	 1015	 192	 268	 0.8409279	 0.79111457	 0.81526107
B-TEST	 933	 103	 210	 0.90057915	 0.816273	 0.85635614
B-ID	 1	 0	 4	 1.0	 0.2	 0.3333333
B-TREATMENT	 1920	 323	 396	 0.85599643	 0.82901555	 0.84229
B-DOSAGE	 24	 10	 16	 0.7058824	 0.6	 0.6486487
B-PROFESSION	 1	 1	 11	 0.5	 0.083333336	 0.14285715
B-LOCATION	 28	 3	 10	 0.9032258	 0.7368421	 0.81159425
I-DOSAGE	 23	 10	 3	 0.6969697	 0.88461536	 0.779661
I-DRUG	 32	 30	 15	 0.516129	 0.68085104	 0.587156
tp: 16370 fp: 2398 fn: 2751 labels: 21
Macro-average	 prec: 0.80916005, rec: 0.6572087, f1: 0.7253115
Micro-average	 prec: 0.87222934, rec: 0.8561268, f1: 0.8641031


Epoch 4/35 started, lr: 9.852217E-4, dataset size: 16614


Epoch 4/35 - 166.22s - loss: 2696.4863 - avg training loss: 1.300138 - batches: 2074
Quality on validation dataset (20.0%), validation examples = 4154
time to finish evaluation: 11.01s
Total validation loss: 589.6765	Avg validation loss: 1.1211
label	 tp	 fp	 fn	 prec	 rec	 f1
B-DRUG	 242	 19	 64	 0.92720306	 0.7908497	 0.8536156
I-NAME	 2	 0	 17	 1.0	 0.10526316	 0.1904762
I-AGE	 0	 0	 1	 0.0	 0.0	 0.0
I-TREATMENT	 2513	 430	 320	 0.8538906	 0.88704556	 0.87015235
B-DATE	 140	 17	 5	 0.89171976	 0.9655172	 0.92715234
I-DATE	 25	 5	 4	 0.8333333	 0.86206895	 0.8474576
I-LOCATION	 45	 28	 5	 0.6164383	 0.9	 0.73170733
I-PROBLEM	 4454	 336	 897	 0.92985386	 0.8323678	 0.8784144
I-PROFESSION	 0	 4	 5	 0.0	 0.0	 0.0
B-NAME	 31	 13	 7	 0.70454544	 0.81578946	 0.7560975
B-PROBLEM	 2615	 168	 372	 0.9396335	 0.8754603	 0.90641254
B-AGE	 70	 0	 9	 1.0	 0.886076	 0.9395973
I-TEST	 907	 118	 188	 0.88487804	 0.8283105	 0.8556604
B-TEST	 791	 154	 118	 0.837037	 0.87018704	 0.85329014
B-ID	 0	 1	 5	 0.0	 0.0	 0.0
B-TREATMENT	 1685	 370	 218	 0.81995136	 0.88544405	 0.85144013
B-DOSAGE	 19	 3	 18	 0.8636364	 0.5135135	 0.6440678
B-PROFESSION	 0	 2	 4	 0.0	 0.0	 0.0
B-LOCATION	 42	 14	 11	 0.75	 0.7924528	 0.7706422
I-DOSAGE	 12	 3	 7	 0.8	 0.6315789	 0.7058824
I-DRUG	 10	 0	 28	 1.0	 0.2631579	 0.4166667
B-CONTACT	 0	 0	 2	 0.0	 0.0	 0.0
tp: 13603 fp: 1685 fn: 2305 labels: 22
Macro-average	 prec: 0.6660055, rec: 0.57750374, f1: 0.6186052
Micro-average	 prec: 0.88978285, rec: 0.8551043, f1: 0.87209904
Quality on test dataset: 
time to finish evaluation: 18.24s
Total test loss: 736.3948	Avg test loss: 1.1277
label	 tp	 fp	 fn	 prec	 rec	 f1
B-DRUG	 315	 27	 81	 0.92105263	 0.79545456	 0.85365856
I-NAME	 0	 0	 5	 0.0	 0.0	 0.0
I-AGE	 0	 0	 1	 0.0	 0.0	 0.0
I-TREATMENT	 3036	 571	 468	 0.8416967	 0.8664383	 0.85388833
B-DATE	 165	 21	 4	 0.88709676	 0.97633135	 0.92957747
I-DATE	 60	 2	 0	 0.9677419	 1.0	 0.9836065
I-LOCATION	 24	 15	 3	 0.61538464	 0.8888889	 0.72727275
I-PROBLEM	 5169	 494	 1047	 0.9127671	 0.8315637	 0.87027526
I-PROFESSION	 4	 0	 6	 1.0	 0.4	 0.5714286
B-NAME	 49	 7	 8	 0.875	 0.8596491	 0.8672566
B-PROBLEM	 3202	 229	 475	 0.9332556	 0.8708186	 0.90095663
B-AGE	 77	 7	 12	 0.9166667	 0.8651685	 0.8901734
I-TEST	 1030	 188	 253	 0.8456486	 0.8028059	 0.8236705
B-TEST	 989	 206	 154	 0.8276151	 0.86526686	 0.84602225
B-ID	 0	 0	 5	 0.0	 0.0	 0.0
B-TREATMENT	 2033	 434	 283	 0.82407784	 0.87780654	 0.8500941
B-DOSAGE	 21	 4	 19	 0.84	 0.525	 0.64615375
B-PROFESSION	 4	 1	 8	 0.8	 0.33333334	 0.47058827
B-LOCATION	 32	 9	 6	 0.7804878	 0.84210527	 0.81012654
I-DOSAGE	 18	 4	 8	 0.8181818	 0.6923077	 0.75
I-DRUG	 11	 2	 36	 0.84615386	 0.23404256	 0.36666667
tp: 16239 fp: 2221 fn: 2882 labels: 21
Macro-average	 prec: 0.7358489, rec: 0.64414185, f1: 0.6869481
Micro-average	 prec: 0.8796858, rec: 0.84927565, f1: 0.86421335


Epoch 5/35 started, lr: 9.803922E-4, dataset size: 16614


Epoch 5/35 - 153.67s - loss: 2361.8074 - avg training loss: 1.1387693 - batches: 2074
Quality on validation dataset (20.0%), validation examples = 4154
time to finish evaluation: 10.51s
Total validation loss: 541.7044	Avg validation loss: 1.0299
label	 tp	 fp	 fn	 prec	 rec	 f1
B-DRUG	 253	 25	 53	 0.91007197	 0.82679737	 0.8664383
I-NAME	 1	 0	 18	 1.0	 0.05263158	 0.099999994
I-AGE	 0	 0	 1	 0.0	 0.0	 0.0
I-TREATMENT	 2521	 440	 312	 0.85140157	 0.8898694	 0.8702105
B-DATE	 134	 5	 11	 0.9640288	 0.92413795	 0.94366205
I-DATE	 25	 2	 4	 0.9259259	 0.86206895	 0.89285713
I-LOCATION	 43	 11	 7	 0.7962963	 0.86	 0.8269231
I-PROBLEM	 4620	 428	 731	 0.91521394	 0.86339	 0.88854694
I-PROFESSION	 0	 0	 5	 0.0	 0.0	 0.0
B-NAME	 32	 11	 6	 0.74418604	 0.84210527	 0.79012346
B-PROBLEM	 2715	 241	 272	 0.9184709	 0.9089387	 0.9136799
B-AGE	 72	 2	 7	 0.972973	 0.9113924	 0.9411765
I-TEST	 877	 88	 218	 0.9088083	 0.8009132	 0.8514562
B-TEST	 751	 72	 158	 0.91251516	 0.8261826	 0.86720556
B-ID	 0	 1	 5	 0.0	 0.0	 0.0
B-TREATMENT	 1639	 272	 264	 0.85766613	 0.8612717	 0.8594651
B-DOSAGE	 12	 3	 25	 0.8	 0.3243243	 0.46153846
B-PROFESSION	 0	 0	 4	 0.0	 0.0	 0.0
B-LOCATION	 40	 4	 13	 0.90909094	 0.754717	 0.8247423
I-DOSAGE	 10	 3	 9	 0.7692308	 0.5263158	 0.62500006
I-DRUG	 26	 9	 12	 0.74285716	 0.68421054	 0.71232873
B-CONTACT	 0	 0	 2	 0.0	 0.0	 0.0
tp: 13771 fp: 1617 fn: 2137 labels: 22
Macro-average	 prec: 0.67721534, rec: 0.5781485, f1: 0.623773
Micro-average	 prec: 0.89491814, rec: 0.8656651, f1: 0.88004863
Quality on test dataset: 
time to finish evaluation: 13.74s
Total test loss: 682.3211	Avg test loss: 1.0449
label	 tp	 fp	 fn	 prec	 rec	 f1
B-DRUG	 343	 32	 53	 0.91466665	 0.86616164	 0.8897536
I-NAME	 0	 0	 5	 0.0	 0.0	 0.0
I-AGE	 0	 0	 1	 0.0	 0.0	 0.0
I-TREATMENT	 3129	 603	 375	 0.83842444	 0.89297944	 0.8648425
B-DATE	 160	 8	 9	 0.95238096	 0.9467456	 0.9495549
I-DATE	 60	 4	 0	 0.9375	 1.0	 0.9677419
I-LOCATION	 17	 3	 10	 0.85	 0.6296296	 0.7234042
I-PROBLEM	 5304	 601	 912	 0.89822185	 0.85328186	 0.8751753
I-PROFESSION	 1	 0	 9	 1.0	 0.1	 0.18181819
B-NAME	 49	 4	 8	 0.9245283	 0.8596491	 0.8909091
B-PROBLEM	 3320	 315	 357	 0.9133425	 0.90291	 0.90809625
B-AGE	 78	 6	 11	 0.9285714	 0.8764045	 0.90173405
I-TEST	 990	 136	 293	 0.87921846	 0.771629	 0.8219178
B-TEST	 952	 103	 191	 0.9023697	 0.8328959	 0.8662421
B-ID	 1	 0	 4	 1.0	 0.2	 0.3333333
B-TREATMENT	 1979	 348	 337	 0.85045123	 0.8544905	 0.8524661
B-DOSAGE	 16	 4	 24	 0.8	 0.4	 0.53333336
B-PROFESSION	 1	 0	 11	 1.0	 0.083333336	 0.15384616
B-LOCATION	 24	 1	 14	 0.96	 0.6315789	 0.76190466
I-DOSAGE	 14	 4	 12	 0.7777778	 0.53846157	 0.6363637
I-DRUG	 35	 16	 12	 0.6862745	 0.7446808	 0.7142857
tp: 16473 fp: 2188 fn: 2648 labels: 21
Macro-average	 prec: 0.81017756, rec: 0.6183253, f1: 0.7013683
Micro-average	 prec: 0.8827501, rec: 0.8615135, f1: 0.87200254


Epoch 6/35 started, lr: 9.756098E-4, dataset size: 16614


Epoch 6/35 - 150.14s - loss: 2126.0613 - avg training loss: 1.0251019 - batches: 2074
Quality on validation dataset (20.0%), validation examples = 4154
time to finish evaluation: 9.84s
Total validation loss: 539.5343	Avg validation loss: 1.0257
label	 tp	 fp	 fn	 prec	 rec	 f1
B-DRUG	 259	 22	 47	 0.92170817	 0.8464052	 0.88245314
I-NAME	 1	 2	 18	 0.33333334	 0.05263158	 0.090909086
I-AGE	 0	 0	 1	 0.0	 0.0	 0.0
I-TREATMENT	 2588	 568	 245	 0.8200253	 0.91351926	 0.8642511
B-DATE	 135	 8	 10	 0.9440559	 0.9310345	 0.9375
I-DATE	 26	 0	 3	 1.0	 0.8965517	 0.94545454
I-LOCATION	 39	 7	 11	 0.84782606	 0.78	 0.8125
I-PROBLEM	 4879	 725	 472	 0.8706281	 0.91179216	 0.8907348
I-PROFESSION	 1	 5	 4	 0.16666667	 0.2	 0.18181819
B-NAME	 32	 18	 6	 0.64	 0.84210527	 0.7272727
B-PROBLEM	 2745	 273	 242	 0.90954274	 0.91898227	 0.9142381
B-AGE	 74	 1	 5	 0.9866667	 0.93670887	 0.96103895
I-TEST	 878	 64	 217	 0.93205947	 0.8018265	 0.862052
B-TEST	 748	 62	 161	 0.9234568	 0.8228823	 0.8702734
B-ID	 1	 1	 4	 0.5	 0.2	 0.2857143
B-TREATMENT	 1668	 343	 235	 0.8294381	 0.8765108	 0.852325
B-DOSAGE	 26	 6	 11	 0.8125	 0.7027027	 0.7536231
B-PROFESSION	 1	 3	 3	 0.25	 0.25	 0.25
B-LOCATION	 40	 5	 13	 0.8888889	 0.754717	 0.81632656
I-DOSAGE	 17	 7	 2	 0.7083333	 0.8947368	 0.79069763
I-DRUG	 18	 1	 20	 0.94736844	 0.47368422	 0.6315789
B-CONTACT	 0	 0	 2	 0.0	 0.0	 0.0
tp: 14176 fp: 2121 fn: 1732 labels: 22
Macro-average	 prec: 0.69238627, rec: 0.6366723, f1: 0.6633615
Micro-average	 prec: 0.8698533, rec: 0.89112395, f1: 0.8803602
Quality on test dataset: 
time to finish evaluation: 12.05s
Total test loss: 672.4073	Avg test loss: 1.0297
label	 tp	 fp	 fn	 prec	 rec	 f1
B-DRUG	 343	 41	 53	 0.8932292	 0.86616164	 0.8794872
I-NAME	 0	 0	 5	 0.0	 0.0	 0.0
I-AGE	 0	 0	 1	 0.0	 0.0	 0.0
I-TREATMENT	 3198	 720	 306	 0.8162328	 0.9126712	 0.86176234
B-DATE	 162	 12	 7	 0.9310345	 0.9585799	 0.9446065
I-DATE	 60	 4	 0	 0.9375	 1.0	 0.9677419
I-LOCATION	 20	 5	 7	 0.8	 0.7407407	 0.7692308
I-PROBLEM	 5597	 1001	 619	 0.84828734	 0.9004183	 0.87357575
I-PROFESSION	 4	 0	 6	 1.0	 0.4	 0.5714286
B-NAME	 50	 4	 7	 0.9259259	 0.877193	 0.90090084
B-PROBLEM	 3342	 339	 335	 0.90790546	 0.9088931	 0.908399
B-AGE	 76	 5	 13	 0.9382716	 0.85393256	 0.89411765
I-TEST	 969	 101	 314	 0.90560746	 0.7552611	 0.8236294
B-TEST	 926	 80	 217	 0.92047715	 0.8101487	 0.86179614
B-ID	 4	 1	 1	 0.8	 0.8	 0.8000001
B-TREATMENT	 2019	 421	 297	 0.82745904	 0.8717617	 0.8490329
B-DOSAGE	 26	 6	 14	 0.8125	 0.65	 0.7222222
B-PROFESSION	 4	 0	 8	 1.0	 0.33333334	 0.5
B-LOCATION	 29	 2	 9	 0.9354839	 0.7631579	 0.8405797
I-DOSAGE	 22	 7	 4	 0.7586207	 0.84615386	 0.8000001
I-DRUG	 23	 9	 24	 0.71875	 0.4893617	 0.5822785
tp: 16874 fp: 2758 fn: 2247 labels: 21
Macro-average	 prec: 0.7941564, rec: 0.70179856, f1: 0.7451265
Micro-average	 prec: 0.8595151, rec: 0.8824852, f1: 0.87084866


Epoch 7/35 started, lr: 9.7087387E-4, dataset size: 16614


Epoch 7/35 - 148.11s - loss: 1932.6914 - avg training loss: 0.93186665 - batches: 2074
Quality on validation dataset (20.0%), validation examples = 4154
time to finish evaluation: 9.63s
Total validation loss: 507.7849	Avg validation loss: 0.9654
label	 tp	 fp	 fn	 prec	 rec	 f1
B-DRUG	 242	 16	 64	 0.93798447	 0.7908497	 0.858156
I-NAME	 0	 0	 19	 0.0	 0.0	 0.0
I-AGE	 0	 0	 1	 0.0	 0.0	 0.0
I-TREATMENT	 2461	 338	 372	 0.8792426	 0.86869043	 0.8739347
B-DATE	 133	 9	 12	 0.9366197	 0.9172414	 0.9268293
I-DATE	 26	 2	 3	 0.9285714	 0.8965517	 0.91228074
I-LOCATION	 44	 14	 6	 0.7586207	 0.88	 0.81481487
I-PROBLEM	 4801	 595	 550	 0.88973314	 0.8972155	 0.8934586
I-PROFESSION	 1	 4	 4	 0.2	 0.2	 0.20000002
B-NAME	 27	 7	 11	 0.7941176	 0.7105263	 0.75
B-PROBLEM	 2723	 230	 264	 0.9221131	 0.911617	 0.916835
B-AGE	 70	 0	 9	 1.0	 0.886076	 0.9395973
I-TEST	 979	 155	 116	 0.8633157	 0.89406395	 0.8784208
B-TEST	 815	 117	 94	 0.8744635	 0.89658964	 0.8853884
B-ID	 0	 1	 5	 0.0	 0.0	 0.0
B-TREATMENT	 1627	 238	 276	 0.87238604	 0.85496587	 0.8635881
B-DOSAGE	 28	 7	 9	 0.8	 0.7567568	 0.77777785
B-PROFESSION	 2	 2	 2	 0.5	 0.5	 0.5
B-LOCATION	 43	 12	 10	 0.7818182	 0.8113208	 0.79629636
I-DOSAGE	 16	 12	 3	 0.5714286	 0.84210527	 0.68085104
I-DRUG	 20	 2	 18	 0.90909094	 0.5263158	 0.6666667
B-CONTACT	 0	 0	 2	 0.0	 0.0	 0.0
tp: 14058 fp: 1761 fn: 1850 labels: 22
Macro-average	 prec: 0.65543205, rec: 0.63822204, f1: 0.64671254
Micro-average	 prec: 0.8886782, rec: 0.88370633, f1: 0.8861853
Quality on test dataset: 
time to finish evaluation: 12.13s
Total test loss: 637.2985	Avg test loss: 0.9760
label	 tp	 fp	 fn	 prec	 rec	 f1
B-DRUG	 336	 19	 60	 0.94647884	 0.8484849	 0.8948069
I-NAME	 0	 0	 5	 0.0	 0.0	 0.0
I-AGE	 0	 0	 1	 0.0	 0.0	 0.0
I-TREATMENT	 3031	 445	 473	 0.8719793	 0.8650114	 0.8684814
B-DATE	 158	 6	 11	 0.9634146	 0.93491125	 0.9489489
I-DATE	 60	 4	 0	 0.9375	 1.0	 0.9677419
I-LOCATION	 19	 6	 8	 0.76	 0.7037037	 0.7307693
I-PROBLEM	 5588	 843	 628	 0.8689162	 0.8989704	 0.88368785
I-PROFESSION	 5	 0	 5	 1.0	 0.5	 0.6666667
B-NAME	 48	 1	 9	 0.97959185	 0.84210527	 0.9056604
B-PROBLEM	 3333	 307	 344	 0.91565937	 0.90644544	 0.9110291
B-AGE	 76	 3	 13	 0.96202534	 0.85393256	 0.9047619
I-TEST	 1139	 248	 144	 0.82119685	 0.8877631	 0.8531835
B-TEST	 1021	 173	 122	 0.85510886	 0.89326334	 0.87376976
B-ID	 4	 2	 1	 0.6666667	 0.8	 0.72727275
B-TREATMENT	 1960	 263	 356	 0.8816914	 0.8462867	 0.86362636
B-DOSAGE	 28	 8	 12	 0.7777778	 0.7	 0.73684216
B-PROFESSION	 5	 1	 7	 0.8333333	 0.41666666	 0.5555555
B-LOCATION	 30	 3	 8	 0.90909094	 0.7894737	 0.8450705
I-DOSAGE	 23	 8	 3	 0.7419355	 0.88461536	 0.8070175
I-DRUG	 27	 7	 20	 0.7941176	 0.5744681	 0.6666667
tp: 16891 fp: 2347 fn: 2230 labels: 21
Macro-average	 prec: 0.7850707, rec: 0.72124296, f1: 0.75180453
Micro-average	 prec: 0.87800187, rec: 0.8833743, f1: 0.88067985


Epoch 8/35 started, lr: 9.6618367E-4, dataset size: 16614


Epoch 8/35 - 152.28s - loss: 1784.356 - avg training loss: 0.8603452 - batches: 2074
Quality on validation dataset (20.0%), validation examples = 4154
time to finish evaluation: 10.87s
Total validation loss: 529.3453	Avg validation loss: 1.0064
label	 tp	 fp	 fn	 prec	 rec	 f1
B-DRUG	 263	 21	 43	 0.9260563	 0.8594771	 0.8915254
I-NAME	 6	 9	 13	 0.4	 0.31578946	 0.3529412
I-AGE	 0	 0	 1	 0.0	 0.0	 0.0
I-TREATMENT	 2512	 299	 321	 0.8936322	 0.8866925	 0.8901489
B-DATE	 127	 6	 18	 0.9548872	 0.87586206	 0.91366905
I-DATE	 25	 2	 4	 0.9259259	 0.86206895	 0.89285713
I-LOCATION	 42	 10	 8	 0.8076923	 0.84	 0.8235294
I-PROBLEM	 4735	 462	 616	 0.91110253	 0.8848813	 0.89780056
I-PROFESSION	 1	 6	 4	 0.14285715	 0.2	 0.16666667
B-NAME	 33	 19	 5	 0.63461536	 0.8684211	 0.7333333
B-PROBLEM	 2680	 189	 307	 0.9341234	 0.89722127	 0.9153006
B-AGE	 73	 3	 6	 0.9605263	 0.9240506	 0.9419355
I-TEST	 985	 231	 110	 0.8100329	 0.8995434	 0.8524448
B-TEST	 812	 107	 97	 0.8835691	 0.8932893	 0.88840264
B-ID	 2	 1	 3	 0.6666667	 0.4	 0.5
B-TREATMENT	 1691	 294	 212	 0.8518892	 0.88859695	 0.869856
B-DOSAGE	 26	 8	 11	 0.7647059	 0.7027027	 0.73239434
B-PROFESSION	 2	 3	 2	 0.4	 0.5	 0.44444448
B-LOCATION	 41	 8	 12	 0.8367347	 0.7735849	 0.8039216
I-DOSAGE	 17	 11	 2	 0.60714287	 0.8947368	 0.7234043
I-DRUG	 32	 8	 6	 0.8	 0.84210527	 0.82051283
B-CONTACT	 0	 0	 2	 0.0	 0.0	 0.0
tp: 14105 fp: 1697 fn: 1803 labels: 22
Macro-average	 prec: 0.6869163, rec: 0.6913192, f1: 0.6891107
Micro-average	 prec: 0.8926085, rec: 0.8866608, f1: 0.8896248
Quality on test dataset: 
time to finish evaluation: 13.78s
Total test loss: 645.9432	Avg test loss: 0.9892
label	 tp	 fp	 fn	 prec	 rec	 f1
B-DRUG	 343	 41	 53	 0.8932292	 0.86616164	 0.8794872
I-NAME	 0	 0	 5	 0.0	 0.0	 0.0
I-AGE	 0	 0	 1	 0.0	 0.0	 0.0
I-TREATMENT	 3019	 478	 485	 0.8633114	 0.86158675	 0.8624483
B-DATE	 156	 2	 13	 0.98734176	 0.9230769	 0.9541284
I-DATE	 60	 4	 0	 0.9375	 1.0	 0.9677419
I-LOCATION	 23	 6	 4	 0.79310346	 0.8518519	 0.82142854
I-PROBLEM	 5482	 708	 734	 0.88562196	 0.88191766	 0.88376594
I-PROFESSION	 5	 0	 5	 1.0	 0.5	 0.6666667
B-NAME	 50	 4	 7	 0.9259259	 0.877193	 0.90090084
B-PROBLEM	 3287	 252	 390	 0.92879343	 0.89393526	 0.91103107
B-AGE	 81	 8	 8	 0.9101124	 0.9101124	 0.9101124
I-TEST	 1116	 304	 167	 0.7859155	 0.86983633	 0.82574916
B-TEST	 1008	 149	 135	 0.8712187	 0.88188976	 0.8765217
B-ID	 3	 2	 2	 0.6	 0.6	 0.6
B-TREATMENT	 2015	 380	 301	 0.84133613	 0.8700345	 0.85544467
B-DOSAGE	 29	 12	 11	 0.70731705	 0.725	 0.7160494
B-PROFESSION	 5	 0	 7	 1.0	 0.41666666	 0.5882353
B-LOCATION	 32	 7	 6	 0.82051283	 0.84210527	 0.83116883
I-DOSAGE	 23	 14	 3	 0.6216216	 0.88461536	 0.7301586
I-DRUG	 37	 22	 10	 0.62711865	 0.78723407	 0.6981132
tp: 16774 fp: 2393 fn: 2347 labels: 21
Macro-average	 prec: 0.7619039, rec: 0.73539126, f1: 0.7484128
Micro-average	 prec: 0.87515, rec: 0.8772554, f1: 0.87620145


Epoch 9/35 started, lr: 9.615385E-4, dataset size: 16614


Epoch 9/35 - 149.30s - loss: 1640.1823 - avg training loss: 0.7908304 - batches: 2074
Quality on validation dataset (20.0%), validation examples = 4154
time to finish evaluation: 10.00s
Total validation loss: 529.5629	Avg validation loss: 1.0068
label	 tp	 fp	 fn	 prec	 rec	 f1
B-DRUG	 260	 17	 46	 0.93862814	 0.8496732	 0.89193827
I-NAME	 0	 0	 19	 0.0	 0.0	 0.0
I-AGE	 0	 0	 1	 0.0	 0.0	 0.0
I-TREATMENT	 2543	 390	 290	 0.8670303	 0.89763504	 0.8820673
B-DATE	 134	 10	 11	 0.9305556	 0.92413795	 0.9273357
I-DATE	 26	 2	 3	 0.9285714	 0.8965517	 0.91228074
I-LOCATION	 44	 12	 6	 0.78571427	 0.88	 0.83018863
I-PROBLEM	 4810	 489	 541	 0.9077184	 0.8988974	 0.9032864
I-PROFESSION	 0	 4	 5	 0.0	 0.0	 0.0
B-NAME	 28	 7	 10	 0.8	 0.7368421	 0.7671233
B-PROBLEM	 2699	 186	 288	 0.9355286	 0.9035822	 0.9192779
B-AGE	 74	 3	 5	 0.96103895	 0.93670887	 0.948718
I-TEST	 947	 121	 148	 0.88670415	 0.8648402	 0.8756357
B-TEST	 788	 65	 121	 0.9237984	 0.8668867	 0.89443815
B-ID	 4	 5	 1	 0.44444445	 0.8	 0.57142854
B-TREATMENT	 1664	 276	 239	 0.85773194	 0.87440884	 0.8659901
B-DOSAGE	 29	 7	 8	 0.8055556	 0.7837838	 0.79452056
B-PROFESSION	 1	 3	 3	 0.25	 0.25	 0.25
B-LOCATION	 45	 11	 8	 0.8035714	 0.8490566	 0.8256881
I-DOSAGE	 17	 12	 2	 0.5862069	 0.8947368	 0.7083334
I-DRUG	 27	 1	 11	 0.96428573	 0.7105263	 0.8181818
B-CONTACT	 0	 0	 2	 0.0	 0.0	 0.0
tp: 14140 fp: 1621 fn: 1768 labels: 22
Macro-average	 prec: 0.66259474, rec: 0.6735577, f1: 0.6680313
Micro-average	 prec: 0.8971512, rec: 0.88886094, f1: 0.8929868
Quality on test dataset: 
time to finish evaluation: 12.74s
Total test loss: 643.4835	Avg test loss: 0.9854
label	 tp	 fp	 fn	 prec	 rec	 f1
B-DRUG	 330	 36	 66	 0.90163934	 0.8333333	 0.8661417
I-NAME	 0	 0	 5	 0.0	 0.0	 0.0
I-AGE	 0	 0	 1	 0.0	 0.0	 0.0
I-TREATMENT	 3101	 506	 403	 0.8597172	 0.8849886	 0.8721699
B-DATE	 163	 8	 6	 0.9532164	 0.964497	 0.9588235
I-DATE	 60	 5	 0	 0.9230769	 1.0	 0.96000004
I-LOCATION	 21	 13	 6	 0.61764705	 0.7777778	 0.6885246
I-PROBLEM	 5585	 715	 631	 0.8865079	 0.89848775	 0.89245766
I-PROFESSION	 5	 1	 5	 0.8333333	 0.5	 0.625
B-NAME	 47	 2	 10	 0.9591837	 0.8245614	 0.88679254
B-PROBLEM	 3320	 245	 357	 0.9312763	 0.90291	 0.9168738
B-AGE	 82	 10	 7	 0.8913044	 0.92134833	 0.9060774
I-TEST	 1078	 171	 205	 0.86309046	 0.84021825	 0.85150075
B-TEST	 976	 101	 167	 0.906221	 0.8538933	 0.8792793
B-ID	 4	 4	 1	 0.5	 0.8	 0.61538464
B-TREATMENT	 2012	 334	 304	 0.85763	 0.8687392	 0.86314887
B-DOSAGE	 30	 14	 10	 0.6818182	 0.75	 0.7142857
B-PROFESSION	 5	 1	 7	 0.8333333	 0.41666666	 0.5555555
B-LOCATION	 31	 8	 7	 0.7948718	 0.81578946	 0.8051948
I-DOSAGE	 24	 15	 2	 0.61538464	 0.9230769	 0.73846155
I-DRUG	 30	 8	 17	 0.7894737	 0.63829786	 0.7058823
tp: 16904 fp: 2197 fn: 2217 labels: 21
Macro-average	 prec: 0.7427964, rec: 0.7340279, f1: 0.73838615
Micro-average	 prec: 0.88497984, rec: 0.8840542, f1: 0.8845168


Epoch 10/35 started, lr: 9.569379E-4, dataset size: 16614


Epoch 10/35 - 153.93s - loss: 1559.3169 - avg training loss: 0.75184035 - batches: 2074
Quality on validation dataset (20.0%), validation examples = 4154
time to finish evaluation: 10.85s
Total validation loss: 527.8537	Avg validation loss: 1.0035
label	 tp	 fp	 fn	 prec	 rec	 f1
B-DRUG	 256	 15	 50	 0.94464946	 0.8366013	 0.8873484
I-NAME	 0	 5	 19	 0.0	 0.0	 0.0
I-AGE	 0	 0	 1	 0.0	 0.0	 0.0
I-TREATMENT	 2412	 213	 421	 0.91885716	 0.8513943	 0.88384026
B-DATE	 134	 7	 11	 0.95035464	 0.92413795	 0.9370629
I-DATE	 26	 3	 3	 0.8965517	 0.8965517	 0.8965517
I-LOCATION	 46	 17	 4	 0.73015875	 0.92	 0.81415933
I-PROBLEM	 4719	 458	 632	 0.91153175	 0.88189125	 0.8964666
I-PROFESSION	 1	 5	 4	 0.16666667	 0.2	 0.18181819
B-NAME	 31	 14	 7	 0.6888889	 0.81578946	 0.74698794
B-PROBLEM	 2685	 189	 302	 0.934238	 0.8988952	 0.9162259
B-AGE	 75	 0	 4	 1.0	 0.9493671	 0.974026
I-TEST	 992	 203	 103	 0.8301255	 0.90593606	 0.8663755
B-TEST	 809	 110	 100	 0.8803047	 0.889989	 0.8851204
B-ID	 1	 1	 4	 0.5	 0.2	 0.2857143
B-TREATMENT	 1605	 182	 298	 0.8981533	 0.8434051	 0.86991864
B-DOSAGE	 26	 7	 11	 0.7878788	 0.7027027	 0.7428572
B-PROFESSION	 2	 6	 2	 0.25	 0.5	 0.33333334
B-LOCATION	 41	 4	 12	 0.9111111	 0.7735849	 0.8367348
I-DOSAGE	 15	 9	 4	 0.625	 0.7894737	 0.6976744
I-DRUG	 27	 1	 11	 0.96428573	 0.7105263	 0.8181818
B-CONTACT	 0	 0	 2	 0.0	 0.0	 0.0
tp: 13903 fp: 1449 fn: 2005 labels: 22
Macro-average	 prec: 0.6722162, rec: 0.65864754, f1: 0.66536266
Micro-average	 prec: 0.9056149, rec: 0.87396276, f1: 0.8895073
Quality on test dataset: 
time to finish evaluation: 13.47s
Total test loss: 682.7238	Avg test loss: 1.0455
label	 tp	 fp	 fn	 prec	 rec	 f1
B-DRUG	 327	 27	 69	 0.9237288	 0.82575756	 0.872
I-NAME	 0	 0	 5	 0.0	 0.0	 0.0
I-AGE	 0	 0	 1	 0.0	 0.0	 0.0
I-TREATMENT	 2889	 310	 615	 0.9030947	 0.8244863	 0.8620021
B-DATE	 161	 8	 8	 0.9526627	 0.9526627	 0.9526627
I-DATE	 60	 6	 0	 0.90909094	 1.0	 0.95238096
I-LOCATION	 21	 7	 6	 0.75	 0.7777778	 0.7636364
I-PROBLEM	 5448	 664	 768	 0.89136124	 0.87644786	 0.88384163
I-PROFESSION	 6	 1	 4	 0.85714287	 0.6	 0.70588243
B-NAME	 50	 5	 7	 0.90909094	 0.877193	 0.8928571
B-PROBLEM	 3272	 250	 405	 0.9290176	 0.88985586	 0.9090152
B-AGE	 78	 4	 11	 0.9512195	 0.8764045	 0.9122807
I-TEST	 1111	 298	 172	 0.78850245	 0.8659392	 0.82540864
B-TEST	 989	 169	 154	 0.85405874	 0.86526686	 0.8596263
B-ID	 2	 1	 3	 0.6666667	 0.4	 0.5
B-TREATMENT	 1922	 252	 394	 0.88408464	 0.8298791	 0.8561247
B-DOSAGE	 25	 6	 15	 0.8064516	 0.625	 0.70422536
B-PROFESSION	 6	 1	 6	 0.85714287	 0.5	 0.6315789
B-LOCATION	 28	 4	 10	 0.875	 0.7368421	 0.79999995
I-DOSAGE	 21	 6	 5	 0.7777778	 0.8076923	 0.7924528
I-DRUG	 25	 2	 22	 0.9259259	 0.5319149	 0.6756757
tp: 16441 fp: 2021 fn: 2680 labels: 21
Macro-average	 prec: 0.7815248, rec: 0.6982438, f1: 0.7375408
Micro-average	 prec: 0.8905319, rec: 0.85984, f1: 0.87491685


Epoch 11/35 started, lr: 9.5238106E-4, dataset size: 16614


Epoch 11/35 - 156.01s - loss: 1447.7705 - avg training loss: 0.6980571 - batches: 2074
Quality on validation dataset (20.0%), validation examples = 4154
time to finish evaluation: 15.00s
Total validation loss: 530.6715	Avg validation loss: 1.0089
label	 tp	 fp	 fn	 prec	 rec	 f1
B-DRUG	 262	 18	 44	 0.9357143	 0.85620916	 0.8941979
I-NAME	 0	 1	 19	 0.0	 0.0	 0.0
I-AGE	 0	 0	 1	 0.0	 0.0	 0.0
I-TREATMENT	 2562	 374	 271	 0.8726158	 0.9043417	 0.8881955
B-DATE	 134	 8	 11	 0.943662	 0.92413795	 0.9337979
I-DATE	 26	 2	 3	 0.9285714	 0.8965517	 0.91228074
I-LOCATION	 45	 17	 5	 0.7258065	 0.9	 0.80357146
I-PROBLEM	 4787	 497	 564	 0.90594244	 0.89459914	 0.900235
I-PROFESSION	 1	 6	 4	 0.14285715	 0.2	 0.16666667
B-NAME	 31	 11	 7	 0.7380952	 0.81578946	 0.7749999
B-PROBLEM	 2735	 231	 252	 0.92211735	 0.9156344	 0.9188645
B-AGE	 75	 3	 4	 0.96153843	 0.9493671	 0.95541394
I-TEST	 978	 187	 117	 0.839485	 0.8931507	 0.86548674
B-TEST	 813	 117	 96	 0.87419355	 0.89438945	 0.88417614
B-ID	 3	 2	 2	 0.6	 0.6	 0.6
B-TREATMENT	 1649	 251	 254	 0.8678947	 0.86652654	 0.8672101
B-DOSAGE	 23	 7	 14	 0.76666665	 0.6216216	 0.6865672
B-PROFESSION	 2	 5	 2	 0.2857143	 0.5	 0.36363637
B-LOCATION	 43	 7	 10	 0.86	 0.8113208	 0.8349515
I-DOSAGE	 16	 8	 3	 0.6666667	 0.84210527	 0.74418604
I-DRUG	 26	 1	 12	 0.962963	 0.68421054	 0.8000001
B-CONTACT	 0	 0	 2	 0.0	 0.0	 0.0
tp: 14211 fp: 1753 fn: 1697 labels: 22
Macro-average	 prec: 0.67275023, rec: 0.6804525, f1: 0.6765795
Micro-average	 prec: 0.8901904, rec: 0.89332414, f1: 0.89175457
Quality on test dataset: 
time to finish evaluation: 13.66s
Total test loss: 675.1070	Avg test loss: 1.0339
label	 tp	 fp	 fn	 prec	 rec	 f1
B-DRUG	 338	 28	 58	 0.92349726	 0.85353535	 0.88713914
I-NAME	 0	 0	 5	 0.0	 0.0	 0.0
I-AGE	 0	 0	 1	 0.0	 0.0	 0.0
I-TREATMENT	 3070	 492	 434	 0.86187536	 0.87614155	 0.86894995
B-DATE	 159	 4	 10	 0.9754601	 0.9408284	 0.9578313
I-DATE	 60	 6	 0	 0.90909094	 1.0	 0.95238096
I-LOCATION	 23	 12	 4	 0.6571429	 0.8518519	 0.7419355
I-PROBLEM	 5574	 814	 642	 0.87257355	 0.89671814	 0.88448113
I-PROFESSION	 7	 4	 3	 0.6363636	 0.7	 0.6666667
B-NAME	 48	 2	 9	 0.96	 0.84210527	 0.89719623
B-PROBLEM	 3328	 323	 349	 0.9115311	 0.9050857	 0.90829694
B-AGE	 80	 6	 9	 0.9302326	 0.8988764	 0.9142857
I-TEST	 1139	 273	 144	 0.8066572	 0.8877631	 0.84526896
B-TEST	 1012	 165	 131	 0.8598131	 0.8853893	 0.8724138
B-ID	 3	 2	 2	 0.6	 0.6	 0.6
B-TREATMENT	 1986	 289	 330	 0.872967	 0.85751295	 0.86517096
B-DOSAGE	 25	 6	 15	 0.8064516	 0.625	 0.70422536
B-PROFESSION	 7	 5	 5	 0.5833333	 0.5833333	 0.5833333
B-LOCATION	 32	 4	 6	 0.8888889	 0.84210527	 0.8648648
I-DOSAGE	 20	 7	 6	 0.7407407	 0.7692308	 0.754717
I-DRUG	 30	 3	 17	 0.90909094	 0.63829786	 0.74999994
tp: 16941 fp: 2445 fn: 2180 labels: 21
Macro-average	 prec: 0.74789095, rec: 0.735894, f1: 0.741844
Micro-average	 prec: 0.87387806, rec: 0.88598925, f1: 0.879892


Epoch 12/35 started, lr: 9.478674E-4, dataset size: 16614


Epoch 12/35 - 154.96s - loss: 1367.0703 - avg training loss: 0.6591467 - batches: 2074
Quality on validation dataset (20.0%), validation examples = 4154
time to finish evaluation: 10.48s
Total validation loss: 540.9353	Avg validation loss: 1.0284
label	 tp	 fp	 fn	 prec	 rec	 f1
B-DRUG	 260	 20	 46	 0.9285714	 0.8496732	 0.887372
I-NAME	 14	 11	 5	 0.56	 0.7368421	 0.6363636
I-AGE	 0	 0	 1	 0.0	 0.0	 0.0
I-TREATMENT	 2491	 321	 342	 0.8858464	 0.8792799	 0.88255095
B-DATE	 134	 9	 11	 0.9370629	 0.92413795	 0.9305556
I-DATE	 26	 0	 3	 1.0	 0.8965517	 0.94545454
I-LOCATION	 36	 4	 14	 0.9	 0.72	 0.8
I-PROBLEM	 4899	 856	 452	 0.85125977	 0.9155298	 0.8822258
I-PROFESSION	 0	 2	 5	 0.0	 0.0	 0.0
B-NAME	 32	 13	 6	 0.7111111	 0.84210527	 0.7710843
B-PROBLEM	 2743	 242	 244	 0.91892797	 0.91831267	 0.91862017
B-AGE	 73	 0	 6	 1.0	 0.9240506	 0.96052635
I-TEST	 939	 110	 156	 0.8951382	 0.8575342	 0.8759328
B-TEST	 783	 72	 126	 0.9157895	 0.8613861	 0.88775504
B-ID	 1	 1	 4	 0.5	 0.2	 0.2857143
B-TREATMENT	 1633	 226	 270	 0.87842923	 0.8581188	 0.8681553
B-DOSAGE	 27	 7	 10	 0.7941176	 0.7297297	 0.7605634
B-PROFESSION	 1	 1	 3	 0.5	 0.25	 0.33333334
B-LOCATION	 41	 8	 12	 0.8367347	 0.7735849	 0.8039216
I-DOSAGE	 16	 7	 3	 0.6956522	 0.84210527	 0.76190484
I-DRUG	 22	 3	 16	 0.88	 0.57894737	 0.69841266
B-CONTACT	 0	 0	 2	 0.0	 0.0	 0.0
tp: 14171 fp: 1913 fn: 1737 labels: 22
Macro-average	 prec: 0.7085746, rec: 0.66172224, f1: 0.68434745
Micro-average	 prec: 0.8810619, rec: 0.89080966, f1: 0.88590896
Quality on test dataset: 
time to finish evaluation: 13.66s
Total test loss: 688.3663	Avg test loss: 1.0542
label	 tp	 fp	 fn	 prec	 rec	 f1
B-DRUG	 343	 27	 53	 0.92702705	 0.86616164	 0.8955614
I-NAME	 0	 0	 5	 0.0	 0.0	 0.0
I-AGE	 0	 0	 1	 0.0	 0.0	 0.0
I-TREATMENT	 2990	 406	 514	 0.88044757	 0.8533105	 0.8666666
B-DATE	 161	 7	 8	 0.9583333	 0.9526627	 0.95548964
I-DATE	 60	 4	 0	 0.9375	 1.0	 0.9677419
I-LOCATION	 19	 6	 8	 0.76	 0.7037037	 0.7307693
I-PROBLEM	 5712	 1181	 504	 0.82866675	 0.9189189	 0.87146235
I-PROFESSION	 5	 0	 5	 1.0	 0.5	 0.6666667
B-NAME	 49	 3	 8	 0.9423077	 0.8596491	 0.89908254
B-PROBLEM	 3350	 324	 327	 0.9118127	 0.9110688	 0.9114406
B-AGE	 78	 3	 11	 0.962963	 0.8764045	 0.9176471
I-TEST	 1068	 167	 215	 0.8647773	 0.832424	 0.8482923
B-TEST	 973	 105	 170	 0.9025974	 0.8512686	 0.87618196
B-ID	 3	 2	 2	 0.6	 0.6	 0.6
B-TREATMENT	 1967	 264	 349	 0.88166744	 0.84930915	 0.86518586
B-DOSAGE	 25	 10	 15	 0.71428573	 0.625	 0.6666667
B-PROFESSION	 5	 1	 7	 0.8333333	 0.41666666	 0.5555555
B-LOCATION	 27	 4	 11	 0.87096775	 0.7105263	 0.7826086
I-DOSAGE	 22	 10	 4	 0.6875	 0.84615386	 0.7586207
I-DRUG	 31	 11	 16	 0.7380952	 0.65957445	 0.69662917
tp: 16888 fp: 2535 fn: 2233 labels: 21
Macro-average	 prec: 0.77153724, rec: 0.70632404, f1: 0.73749185
Micro-average	 prec: 0.8694846, rec: 0.8832174, f1: 0.8762972


Epoch 13/35 started, lr: 9.433963E-4, dataset size: 16614


Epoch 13/35 - 165.91s - loss: 1285.7659 - avg training loss: 0.619945 - batches: 2074
Quality on validation dataset (20.0%), validation examples = 4154
time to finish evaluation: 10.09s
Total validation loss: 539.1766	Avg validation loss: 1.0251
label	 tp	 fp	 fn	 prec	 rec	 f1
B-DRUG	 264	 21	 42	 0.9263158	 0.8627451	 0.8934011
I-NAME	 7	 6	 12	 0.53846157	 0.36842105	 0.4375
I-AGE	 0	 0	 1	 0.0	 0.0	 0.0
I-TREATMENT	 2580	 409	 253	 0.86316496	 0.9106954	 0.8862934
B-DATE	 137	 10	 8	 0.9319728	 0.94482756	 0.9383562
I-DATE	 26	 0	 3	 1.0	 0.8965517	 0.94545454
I-LOCATION	 42	 14	 8	 0.75	 0.84	 0.7924529
I-PROBLEM	 4776	 460	 575	 0.9121467	 0.89254344	 0.9022386
I-PROFESSION	 0	 5	 5	 0.0	 0.0	 0.0
B-NAME	 30	 13	 8	 0.6976744	 0.7894737	 0.7407408
B-PROBLEM	 2711	 200	 276	 0.9312951	 0.9075996	 0.9192947
B-AGE	 75	 7	 4	 0.91463417	 0.9493671	 0.931677
I-TEST	 906	 63	 189	 0.9349845	 0.8273973	 0.877907
B-TEST	 773	 71	 136	 0.9158768	 0.850385	 0.88191676
B-ID	 1	 1	 4	 0.5	 0.2	 0.2857143
B-TREATMENT	 1661	 252	 242	 0.86826974	 0.87283236	 0.8705451
B-DOSAGE	 25	 7	 12	 0.78125	 0.6756757	 0.7246377
B-PROFESSION	 1	 2	 3	 0.33333334	 0.25	 0.28571427
B-LOCATION	 43	 12	 10	 0.7818182	 0.8113208	 0.79629636
I-DOSAGE	 16	 8	 3	 0.6666667	 0.84210527	 0.74418604
I-DRUG	 22	 2	 16	 0.9166667	 0.57894737	 0.7096774
B-CONTACT	 0	 0	 2	 0.0	 0.0	 0.0
tp: 14096 fp: 1563 fn: 1812 labels: 22
Macro-average	 prec: 0.68929684, rec: 0.64867663, f1: 0.6683701
Micro-average	 prec: 0.90018517, rec: 0.88609505, f1: 0.8930846
Quality on test dataset: 
time to finish evaluation: 13.20s
Total test loss: 668.0745	Avg test loss: 1.0231
label	 tp	 fp	 fn	 prec	 rec	 f1
B-DRUG	 344	 28	 52	 0.9247312	 0.86868685	 0.8958333
I-NAME	 0	 0	 5	 0.0	 0.0	 0.0
I-AGE	 0	 0	 1	 0.0	 0.0	 0.0
I-TREATMENT	 3148	 532	 356	 0.8554348	 0.8984018	 0.8763919
B-DATE	 165	 13	 4	 0.9269663	 0.97633135	 0.9510086
I-DATE	 60	 0	 0	 1.0	 1.0	 1.0
I-LOCATION	 23	 8	 4	 0.7419355	 0.8518519	 0.79310346
I-PROBLEM	 5553	 721	 663	 0.8850813	 0.89333975	 0.8891914
I-PROFESSION	 5	 1	 5	 0.8333333	 0.5	 0.625
B-NAME	 48	 3	 9	 0.9411765	 0.84210527	 0.8888889
B-PROBLEM	 3335	 269	 342	 0.92536074	 0.9069894	 0.916083
B-AGE	 82	 8	 7	 0.9111111	 0.92134833	 0.9162011
I-TEST	 1050	 137	 233	 0.884583	 0.81839436	 0.8502024
B-TEST	 977	 114	 166	 0.8955087	 0.85476816	 0.8746643
B-ID	 3	 2	 2	 0.6	 0.6	 0.6
B-TREATMENT	 2015	 299	 301	 0.8707865	 0.8700345	 0.8704104
B-DOSAGE	 28	 8	 12	 0.7777778	 0.7	 0.73684216
B-PROFESSION	 5	 2	 7	 0.71428573	 0.41666666	 0.5263158
B-LOCATION	 32	 5	 6	 0.8648649	 0.84210527	 0.85333335
I-DOSAGE	 22	 9	 4	 0.7096774	 0.84615386	 0.77192986
I-DRUG	 30	 8	 17	 0.7894737	 0.63829786	 0.7058823
tp: 16925 fp: 2167 fn: 2196 labels: 21
Macro-average	 prec: 0.7643852, rec: 0.72597504, f1: 0.7446852
Micro-average	 prec: 0.88649696, rec: 0.88515246, f1: 0.8858242
Early stopping: test set macro F1 has not improved for more than 6 epochs
