Name of the selected graph: medical-ner-dl/blstm_100_200_128_100.pb
Training started - total epochs: 35 - lr: 0.001 - batch size: 16 - labels: 21 - chars: 87 - training examples: 20719


Epoch 1/35 started, lr: 0.001, dataset size: 20719


Epoch 1/35 - 113.52s - loss: 8347.431 - avg training loss: 8.057365 - batches: 1036
Quality on validation dataset (20.0%), validation examples = 4143
time to finish evaluation: 21.20s
Total validation loss: 984.2014	Avg validation loss: 3.7280
label	 tp	 fp	 fn	 prec	 rec	 f1
I-NAME	 0	 0	 24	 0.0	 0.0	 0.0
I-AGE	 0	 0	 11	 0.0	 0.0	 0.0
I-TREATMENT	 2351	 376	 1602	 0.86211956	 0.5947382	 0.7038923
B-DATE	 77	 8	 43	 0.90588236	 0.64166665	 0.7512195
I-DATE	 10	 0	 77	 1.0	 0.11494253	 0.20618556
I-LOCATION	 12	 0	 52	 1.0	 0.1875	 0.31578946
I-PROBLEM	 4629	 1183	 1422	 0.7964556	 0.76499754	 0.78040975
I-PROFESSION	 0	 0	 22	 0.0	 0.0	 0.0
B-NAME	 1	 0	 24	 1.0	 0.04	 0.07692308
B-PROBLEM	 2006	 851	 557	 0.7021351	 0.7826766	 0.7402214
B-AGE	 35	 1	 14	 0.9722222	 0.71428573	 0.8235294
I-TEST	 729	 301	 710	 0.707767	 0.5066018	 0.5905225
B-TEST	 390	 231	 345	 0.62801933	 0.53061223	 0.57522124
B-ID	 0	 0	 3	 0.0	 0.0	 0.0
B-TREATMENT	 1153	 269	 775	 0.8108298	 0.598029	 0.68835825
B-PROFESSION	 0	 0	 14	 0.0	 0.0	 0.0
B-LOCATION	 7	 0	 50	 1.0	 0.12280702	 0.21875
I-ID	 0	 0	 2	 0.0	 0.0	 0.0
tp: 11400 fp: 3220 fn: 5747 labels: 18
Macro-average	 prec: 0.57696843, rec: 0.31104764, f1: 0.40419236
Micro-average	 prec: 0.77975374, rec: 0.6648393, f1: 0.717726
Quality on test dataset: 
time to finish evaluation: 25.28s
Total test loss: 1168.8911	Avg test loss: 3.5856
label	 tp	 fp	 fn	 prec	 rec	 f1
I-NAME	 0	 0	 39	 0.0	 0.0	 0.0
I-AGE	 0	 0	 7	 0.0	 0.0	 0.0
I-TREATMENT	 2764	 539	 1835	 0.836815	 0.6010002	 0.6995697
B-DATE	 107	 15	 52	 0.8770492	 0.672956	 0.76156586
I-DATE	 15	 2	 97	 0.88235295	 0.13392857	 0.23255815
I-LOCATION	 16	 1	 80	 0.9411765	 0.16666667	 0.28318584
I-PROBLEM	 5510	 1341	 1766	 0.80426216	 0.7572842	 0.78006655
I-PROFESSION	 0	 0	 28	 0.0	 0.0	 0.0
B-NAME	 2	 0	 30	 1.0	 0.0625	 0.11764706
B-PROBLEM	 2587	 1031	 726	 0.7150359	 0.7808633	 0.74650127
B-AGE	 64	 2	 18	 0.969697	 0.7804878	 0.8648649
I-TEST	 873	 339	 815	 0.72029704	 0.5171801	 0.60206896
B-TEST	 552	 311	 422	 0.6396292	 0.5667351	 0.60097986
B-ID	 0	 0	 5	 0.0	 0.0	 0.0
B-TREATMENT	 1366	 389	 940	 0.77834755	 0.5923677	 0.67274064
B-PROFESSION	 0	 0	 14	 0.0	 0.0	 0.0
B-LOCATION	 7	 3	 51	 0.7	 0.12068965	 0.20588237
I-ID	 0	 0	 1	 0.0	 0.0	 0.0
tp: 13863 fp: 3973 fn: 6926 labels: 18
Macro-average	 prec: 0.5480368, rec: 0.31959218, f1: 0.40374002
Micro-average	 prec: 0.77724826, rec: 0.66684306, f1: 0.7178253


Epoch 2/35 started, lr: 9.950249E-4, dataset size: 20719


Epoch 2/35 - 108.29s - loss: 3369.2612 - avg training loss: 3.2521827 - batches: 1036
Quality on validation dataset (20.0%), validation examples = 4143
time to finish evaluation: 19.93s
Total validation loss: 633.8619	Avg validation loss: 2.4010
label	 tp	 fp	 fn	 prec	 rec	 f1
I-NAME	 0	 0	 24	 0.0	 0.0	 0.0
I-AGE	 0	 0	 11	 0.0	 0.0	 0.0
I-TREATMENT	 2882	 449	 1071	 0.86520565	 0.72906655	 0.7913235
B-DATE	 96	 12	 24	 0.8888889	 0.8	 0.84210527
I-DATE	 23	 0	 64	 1.0	 0.26436782	 0.4181818
I-LOCATION	 22	 7	 42	 0.7586207	 0.34375	 0.47311828
I-PROBLEM	 5186	 1218	 865	 0.80980635	 0.8570484	 0.8327579
I-PROFESSION	 0	 0	 22	 0.0	 0.0	 0.0
B-NAME	 15	 25	 10	 0.375	 0.6	 0.46153846
B-PROBLEM	 2034	 446	 529	 0.8201613	 0.7936013	 0.8066627
B-AGE	 36	 10	 13	 0.7826087	 0.7346939	 0.75789475
I-TEST	 882	 298	 557	 0.7474576	 0.61292565	 0.6735395
B-TEST	 493	 194	 242	 0.7176128	 0.6707483	 0.6933896
B-ID	 0	 0	 3	 0.0	 0.0	 0.0
B-TREATMENT	 1423	 302	 505	 0.8249275	 0.73807055	 0.7790857
B-PROFESSION	 0	 0	 14	 0.0	 0.0	 0.0
B-LOCATION	 17	 5	 40	 0.77272725	 0.2982456	 0.43037972
I-ID	 0	 0	 2	 0.0	 0.0	 0.0
tp: 13109 fp: 2966 fn: 4038 labels: 18
Macro-average	 prec: 0.5201676, rec: 0.4134732, f1: 0.460724
Micro-average	 prec: 0.8154899, rec: 0.76450694, f1: 0.7891758
Quality on test dataset: 
time to finish evaluation: 25.19s
Total test loss: 739.8479	Avg test loss: 2.2695
label	 tp	 fp	 fn	 prec	 rec	 f1
I-NAME	 1	 0	 38	 1.0	 0.025641026	 0.049999997
I-AGE	 0	 0	 7	 0.0	 0.0	 0.0
I-TREATMENT	 3309	 629	 1290	 0.8402743	 0.71950424	 0.7752138
B-DATE	 130	 18	 29	 0.8783784	 0.8176101	 0.84690565
I-DATE	 42	 0	 70	 1.0	 0.375	 0.54545456
I-LOCATION	 41	 6	 55	 0.87234044	 0.42708334	 0.5734266
I-PROBLEM	 6104	 1287	 1172	 0.8258693	 0.8389225	 0.8323447
I-PROFESSION	 0	 0	 28	 0.0	 0.0	 0.0
B-NAME	 15	 23	 17	 0.39473686	 0.46875	 0.42857143
B-PROBLEM	 2635	 516	 678	 0.83624244	 0.7953516	 0.8152846
B-AGE	 73	 9	 9	 0.8902439	 0.8902439	 0.8902439
I-TEST	 1049	 388	 639	 0.72999305	 0.6214455	 0.67135996
B-TEST	 663	 292	 311	 0.6942408	 0.68069816	 0.6874028
B-ID	 0	 0	 5	 0.0	 0.0	 0.0
B-TREATMENT	 1705	 391	 601	 0.8134542	 0.73937553	 0.77464783
B-PROFESSION	 0	 0	 14	 0.0	 0.0	 0.0
B-LOCATION	 21	 10	 37	 0.67741936	 0.36206895	 0.4719101
I-ID	 0	 0	 1	 0.0	 0.0	 0.0
tp: 15788 fp: 3569 fn: 5001 labels: 18
Macro-average	 prec: 0.580733, rec: 0.4312053, f1: 0.49492174
Micro-average	 prec: 0.81562227, rec: 0.75944006, f1: 0.7865292


Epoch 3/35 started, lr: 9.90099E-4, dataset size: 20719


Epoch 3/35 - 109.30s - loss: 2270.8176 - avg training loss: 2.1919088 - batches: 1036
Quality on validation dataset (20.0%), validation examples = 4143
time to finish evaluation: 19.91s
Total validation loss: 486.9821	Avg validation loss: 1.8446
label	 tp	 fp	 fn	 prec	 rec	 f1
I-NAME	 0	 0	 24	 0.0	 0.0	 0.0
I-AGE	 0	 0	 11	 0.0	 0.0	 0.0
I-TREATMENT	 3301	 834	 652	 0.7983071	 0.83506197	 0.816271
B-DATE	 95	 7	 25	 0.9313725	 0.7916667	 0.8558559
I-DATE	 45	 9	 42	 0.8333333	 0.51724136	 0.6382978
I-LOCATION	 22	 2	 42	 0.9166667	 0.34375	 0.5
I-PROBLEM	 5038	 815	 1013	 0.86075515	 0.8325896	 0.8464381
I-PROFESSION	 0	 0	 22	 0.0	 0.0	 0.0
B-NAME	 12	 1	 13	 0.9230769	 0.48	 0.6315789
B-PROBLEM	 2037	 330	 526	 0.860583	 0.79477173	 0.82636917
B-AGE	 35	 1	 14	 0.9722222	 0.71428573	 0.8235294
I-TEST	 930	 220	 509	 0.8086957	 0.64628214	 0.7184242
B-TEST	 468	 109	 267	 0.81109184	 0.63673466	 0.7134146
B-ID	 0	 1	 3	 0.0	 0.0	 0.0
B-TREATMENT	 1608	 479	 320	 0.770484	 0.8340249	 0.80099624
B-PROFESSION	 0	 0	 14	 0.0	 0.0	 0.0
B-LOCATION	 19	 1	 38	 0.95	 0.33333334	 0.4935065
I-ID	 0	 0	 2	 0.0	 0.0	 0.0
tp: 13610 fp: 2809 fn: 3537 labels: 18
Macro-average	 prec: 0.57981044, rec: 0.4310968, f1: 0.49451506
Micro-average	 prec: 0.82891774, rec: 0.79372483, f1: 0.81093967
Quality on test dataset: 
time to finish evaluation: 24.86s
Total test loss: 578.9387	Avg test loss: 1.7759
label	 tp	 fp	 fn	 prec	 rec	 f1
I-NAME	 0	 0	 39	 0.0	 0.0	 0.0
I-AGE	 0	 0	 7	 0.0	 0.0	 0.0
I-TREATMENT	 3854	 1120	 745	 0.7748291	 0.8380083	 0.80518126
B-DATE	 127	 8	 32	 0.94074076	 0.7987421	 0.8639456
I-DATE	 81	 9	 31	 0.9	 0.72321427	 0.8019802
I-LOCATION	 29	 3	 67	 0.90625	 0.30208334	 0.453125
I-PROBLEM	 5919	 711	 1357	 0.89276016	 0.8134964	 0.8512872
I-PROFESSION	 0	 0	 28	 0.0	 0.0	 0.0
B-NAME	 13	 3	 19	 0.8125	 0.40625	 0.5416667
B-PROBLEM	 2635	 357	 678	 0.8806818	 0.7953516	 0.8358446
B-AGE	 71	 1	 11	 0.9861111	 0.86585367	 0.92207795
I-TEST	 1103	 292	 585	 0.790681	 0.653436	 0.7155368
B-TEST	 669	 163	 305	 0.80408657	 0.6868583	 0.7408638
B-ID	 2	 1	 3	 0.6666667	 0.4	 0.5
B-TREATMENT	 1942	 626	 364	 0.75623053	 0.8421509	 0.7968814
B-PROFESSION	 0	 0	 14	 0.0	 0.0	 0.0
B-LOCATION	 18	 4	 40	 0.8181818	 0.31034482	 0.44999993
I-ID	 0	 0	 1	 0.0	 0.0	 0.0
tp: 16463 fp: 3298 fn: 4326 labels: 18
Macro-average	 prec: 0.60720664, rec: 0.468655, f1: 0.5290093
Micro-average	 prec: 0.8331056, rec: 0.79190916, f1: 0.8119852


Epoch 4/35 started, lr: 9.852217E-4, dataset size: 20719


Epoch 4/35 - 108.27s - loss: 1765.0386 - avg training loss: 1.7037052 - batches: 1036
Quality on validation dataset (20.0%), validation examples = 4143
time to finish evaluation: 19.67s
Total validation loss: 409.6512	Avg validation loss: 1.5517
label	 tp	 fp	 fn	 prec	 rec	 f1
I-NAME	 1	 2	 23	 0.33333334	 0.041666668	 0.07407408
I-AGE	 1	 0	 10	 1.0	 0.09090909	 0.16666667
I-TREATMENT	 3260	 519	 693	 0.8626621	 0.8246901	 0.84324884
B-DATE	 101	 14	 19	 0.87826085	 0.84166664	 0.85957444
I-DATE	 51	 10	 36	 0.8360656	 0.5862069	 0.6891892
I-LOCATION	 39	 6	 25	 0.8666667	 0.609375	 0.7155963
I-PROBLEM	 5373	 1216	 678	 0.81545	 0.8879524	 0.8501583
I-PROFESSION	 0	 0	 22	 0.0	 0.0	 0.0
B-NAME	 13	 1	 12	 0.9285714	 0.52	 0.6666666
B-PROBLEM	 2234	 591	 329	 0.79079646	 0.8716348	 0.82925016
B-AGE	 38	 3	 11	 0.9268293	 0.7755102	 0.84444445
I-TEST	 846	 129	 593	 0.8676923	 0.58790827	 0.7009114
B-TEST	 438	 55	 297	 0.8884381	 0.59591836	 0.71335506
B-ID	 1	 2	 2	 0.33333334	 0.33333334	 0.33333334
B-TREATMENT	 1520	 241	 408	 0.86314595	 0.78838176	 0.8240716
B-PROFESSION	 0	 0	 14	 0.0	 0.0	 0.0
B-LOCATION	 31	 1	 26	 0.96875	 0.54385966	 0.6966292
I-ID	 0	 0	 2	 0.0	 0.0	 0.0
tp: 13947 fp: 2790 fn: 3200 labels: 18
Macro-average	 prec: 0.6755552, rec: 0.49438965, f1: 0.5709457
Micro-average	 prec: 0.83330345, rec: 0.81337845, f1: 0.8232204
Quality on test dataset: 
time to finish evaluation: 25.39s
Total test loss: 481.0812	Avg test loss: 1.4757
label	 tp	 fp	 fn	 prec	 rec	 f1
I-NAME	 2	 1	 37	 0.6666667	 0.051282052	 0.0952381
I-AGE	 1	 1	 6	 0.5	 0.14285715	 0.22222224
I-TREATMENT	 3693	 731	 906	 0.8347649	 0.8030006	 0.8185747
B-DATE	 142	 12	 17	 0.9220779	 0.8930818	 0.9073483
I-DATE	 93	 23	 19	 0.80172414	 0.83035713	 0.81578946
I-LOCATION	 47	 13	 49	 0.78333336	 0.48958334	 0.6025641
I-PROBLEM	 6354	 1300	 922	 0.8301542	 0.873282	 0.85117215
I-PROFESSION	 0	 0	 28	 0.0	 0.0	 0.0
B-NAME	 16	 2	 16	 0.8888889	 0.5	 0.64000005
B-PROBLEM	 2912	 668	 401	 0.81340784	 0.8789617	 0.84491515
B-AGE	 75	 6	 7	 0.9259259	 0.91463417	 0.9202454
I-TEST	 1051	 201	 637	 0.83945686	 0.62263036	 0.71496606
B-TEST	 642	 98	 332	 0.86756754	 0.6591376	 0.7491248
B-ID	 3	 1	 2	 0.75	 0.6	 0.6666667
B-TREATMENT	 1831	 279	 475	 0.8677725	 0.7940156	 0.82925725
B-PROFESSION	 0	 0	 14	 0.0	 0.0	 0.0
B-LOCATION	 28	 11	 30	 0.71794873	 0.4827586	 0.5773196
I-ID	 0	 0	 1	 0.0	 0.0	 0.0
tp: 16890 fp: 3347 fn: 3899 labels: 18
Macro-average	 prec: 0.6672049, rec: 0.5297546, f1: 0.59058785
Micro-average	 prec: 0.83460987, rec: 0.8124489, f1: 0.82338035


Epoch 5/35 started, lr: 9.803922E-4, dataset size: 20719


Epoch 5/35 - 108.79s - loss: 1448.8372 - avg training loss: 1.3984915 - batches: 1036
Quality on validation dataset (20.0%), validation examples = 4143
time to finish evaluation: 19.59s
Total validation loss: 362.7908	Avg validation loss: 1.3742
label	 tp	 fp	 fn	 prec	 rec	 f1
I-NAME	 16	 14	 8	 0.53333336	 0.6666667	 0.59259266
I-AGE	 1	 0	 10	 1.0	 0.09090909	 0.16666667
I-TREATMENT	 3229	 459	 724	 0.8755423	 0.816848	 0.84517735
B-DATE	 103	 12	 17	 0.8956522	 0.85833335	 0.87659574
I-DATE	 53	 2	 34	 0.96363634	 0.6091954	 0.74647886
I-LOCATION	 40	 1	 24	 0.9756098	 0.625	 0.7619048
I-PROBLEM	 5403	 1144	 648	 0.8252635	 0.89291024	 0.8577552
I-PROFESSION	 0	 1	 22	 0.0	 0.0	 0.0
B-NAME	 17	 5	 8	 0.77272725	 0.68	 0.7234042
B-PROBLEM	 2228	 424	 335	 0.8401207	 0.8692938	 0.8544583
B-AGE	 36	 1	 13	 0.972973	 0.7346939	 0.83720934
I-TEST	 902	 131	 537	 0.8731849	 0.6268242	 0.72977346
B-TEST	 473	 56	 262	 0.8941399	 0.6435374	 0.7484177
B-ID	 1	 2	 2	 0.33333334	 0.33333334	 0.33333334
B-TREATMENT	 1591	 281	 337	 0.84989315	 0.8252075	 0.8373684
B-PROFESSION	 0	 1	 14	 0.0	 0.0	 0.0
B-LOCATION	 25	 0	 32	 1.0	 0.4385965	 0.6097561
I-ID	 0	 0	 2	 0.0	 0.0	 0.0
tp: 14118 fp: 2534 fn: 3029 labels: 18
Macro-average	 prec: 0.7003006, rec: 0.5395194, f1: 0.60948485
Micro-average	 prec: 0.84782606, rec: 0.823351, f1: 0.83540934
Quality on test dataset: 
time to finish evaluation: 25.28s
Total test loss: 418.2455	Avg test loss: 1.2830
label	 tp	 fp	 fn	 prec	 rec	 f1
I-NAME	 17	 18	 22	 0.4857143	 0.43589744	 0.45945945
I-AGE	 1	 0	 6	 1.0	 0.14285715	 0.25
I-TREATMENT	 3815	 721	 784	 0.8410494	 0.82952815	 0.83524907
B-DATE	 143	 9	 16	 0.94078946	 0.8993711	 0.91961414
I-DATE	 85	 3	 27	 0.96590906	 0.7589286	 0.85
I-LOCATION	 49	 10	 47	 0.8305085	 0.5104167	 0.63225806
I-PROBLEM	 6409	 1036	 867	 0.8608462	 0.88084114	 0.87072897
I-PROFESSION	 8	 0	 20	 1.0	 0.2857143	 0.44444448
B-NAME	 21	 5	 11	 0.8076923	 0.65625	 0.72413796
B-PROBLEM	 2906	 468	 407	 0.86129224	 0.8771506	 0.8691491
B-AGE	 73	 2	 9	 0.97333336	 0.8902439	 0.9299363
I-TEST	 1070	 174	 618	 0.86012864	 0.6338863	 0.7298772
B-TEST	 652	 72	 322	 0.9005525	 0.6694045	 0.76796234
B-ID	 4	 1	 1	 0.8	 0.8	 0.8000001
B-TREATMENT	 1931	 359	 375	 0.84323144	 0.83738077	 0.8402959
B-PROFESSION	 6	 0	 8	 1.0	 0.42857143	 0.59999996
B-LOCATION	 28	 4	 30	 0.875	 0.4827586	 0.62222224
I-ID	 0	 0	 1	 0.0	 0.0	 0.0
tp: 17218 fp: 2882 fn: 3571 labels: 18
Macro-average	 prec: 0.82478034, rec: 0.6121778, f1: 0.70275146
Micro-average	 prec: 0.8566169, rec: 0.82822645, f1: 0.8421825


Epoch 6/35 started, lr: 9.756098E-4, dataset size: 20719


Epoch 6/35 - 106.07s - loss: 1236.4432 - avg training loss: 1.193478 - batches: 1036
Quality on validation dataset (20.0%), validation examples = 4143
time to finish evaluation: 19.93s
Total validation loss: 325.6106	Avg validation loss: 1.2334
label	 tp	 fp	 fn	 prec	 rec	 f1
I-NAME	 10	 3	 14	 0.7692308	 0.41666666	 0.5405405
I-AGE	 1	 0	 10	 1.0	 0.09090909	 0.16666667
I-TREATMENT	 3248	 494	 705	 0.867985	 0.82165444	 0.8441846
B-DATE	 106	 15	 14	 0.87603307	 0.8833333	 0.87966806
I-DATE	 50	 8	 37	 0.86206895	 0.57471263	 0.6896551
I-LOCATION	 56	 12	 8	 0.8235294	 0.875	 0.8484849
I-PROBLEM	 5330	 878	 721	 0.85856956	 0.88084614	 0.8695652
I-PROFESSION	 2	 2	 20	 0.5	 0.09090909	 0.15384614
B-NAME	 17	 4	 8	 0.8095238	 0.68	 0.7391304
B-PROBLEM	 2230	 379	 333	 0.8547336	 0.87007415	 0.8623357
B-AGE	 36	 1	 13	 0.972973	 0.7346939	 0.83720934
I-TEST	 1001	 181	 438	 0.8468697	 0.69562197	 0.76383066
B-TEST	 528	 96	 207	 0.84615386	 0.71836734	 0.777042
B-ID	 3	 0	 0	 1.0	 1.0	 1.0
B-TREATMENT	 1593	 249	 335	 0.86482084	 0.82624483	 0.8450929
B-PROFESSION	 1	 3	 13	 0.25	 0.071428575	 0.11111112
B-LOCATION	 39	 2	 18	 0.9512195	 0.68421054	 0.7959183
I-ID	 2	 0	 0	 1.0	 1.0	 1.0
tp: 14253 fp: 2327 fn: 2894 labels: 18
Macro-average	 prec: 0.8307617, rec: 0.6619262, f1: 0.73679554
Micro-average	 prec: 0.8596502, rec: 0.83122414, f1: 0.8451982
Quality on test dataset: 
time to finish evaluation: 25.25s
Total test loss: 375.8883	Avg test loss: 1.1530
label	 tp	 fp	 fn	 prec	 rec	 f1
I-NAME	 17	 1	 22	 0.9444444	 0.43589744	 0.5964912
I-AGE	 1	 0	 6	 1.0	 0.14285715	 0.25
I-TREATMENT	 3870	 663	 729	 0.85373926	 0.8414873	 0.847569
B-DATE	 147	 12	 12	 0.9245283	 0.9245283	 0.9245283
I-DATE	 89	 9	 23	 0.90816325	 0.79464287	 0.84761906
I-LOCATION	 51	 12	 45	 0.8095238	 0.53125	 0.6415094
I-PROBLEM	 6377	 819	 899	 0.8861868	 0.8764431	 0.881288
I-PROFESSION	 6	 1	 22	 0.85714287	 0.21428572	 0.34285715
B-NAME	 22	 2	 10	 0.9166667	 0.6875	 0.78571427
B-PROBLEM	 2903	 432	 410	 0.87046474	 0.8762451	 0.8733453
B-AGE	 73	 2	 9	 0.97333336	 0.8902439	 0.9299363
I-TEST	 1236	 289	 452	 0.8104918	 0.7322275	 0.7693744
B-TEST	 747	 145	 227	 0.83744395	 0.7669405	 0.8006431
B-ID	 4	 0	 1	 1.0	 0.8	 0.88888896
B-TREATMENT	 1934	 271	 372	 0.8770975	 0.8386817	 0.85745955
B-PROFESSION	 6	 1	 8	 0.85714287	 0.42857143	 0.5714286
B-LOCATION	 34	 8	 24	 0.8095238	 0.5862069	 0.68
I-ID	 1	 0	 0	 1.0	 1.0	 1.0
tp: 17518 fp: 2667 fn: 3271 labels: 18
Macro-average	 prec: 0.89643836, rec: 0.6871116, f1: 0.77793974
Micro-average	 prec: 0.8678722, rec: 0.84265715, f1: 0.8550788


Epoch 7/35 started, lr: 9.7087387E-4, dataset size: 20719


Epoch 7/35 - 107.06s - loss: 1087.9272 - avg training loss: 1.0501229 - batches: 1036
Quality on validation dataset (20.0%), validation examples = 4143
time to finish evaluation: 19.85s
Total validation loss: 309.5876	Avg validation loss: 1.1727
label	 tp	 fp	 fn	 prec	 rec	 f1
I-NAME	 13	 3	 11	 0.8125	 0.5416667	 0.65
I-AGE	 1	 0	 10	 1.0	 0.09090909	 0.16666667
I-TREATMENT	 3313	 596	 640	 0.8475313	 0.83809763	 0.8427881
B-DATE	 106	 23	 14	 0.8217054	 0.8833333	 0.8514056
I-DATE	 60	 21	 27	 0.7407407	 0.6896552	 0.71428573
I-LOCATION	 58	 18	 6	 0.7631579	 0.90625	 0.82857144
I-PROBLEM	 5409	 981	 642	 0.8464789	 0.8939018	 0.86954427
I-PROFESSION	 4	 3	 18	 0.5714286	 0.18181819	 0.27586207
B-NAME	 17	 8	 8	 0.68	 0.68	 0.68
B-PROBLEM	 2148	 252	 415	 0.895	 0.83808035	 0.8656054
B-AGE	 37	 2	 12	 0.94871795	 0.75510204	 0.8409091
I-TEST	 1072	 244	 367	 0.8145897	 0.7449618	 0.7782214
B-TEST	 557	 120	 178	 0.8227474	 0.7578231	 0.7889519
B-ID	 1	 0	 2	 1.0	 0.33333334	 0.5
B-TREATMENT	 1629	 286	 299	 0.85065275	 0.844917	 0.8477752
B-PROFESSION	 2	 5	 12	 0.2857143	 0.14285715	 0.1904762
B-LOCATION	 38	 7	 19	 0.84444445	 0.6666667	 0.7450981
I-ID	 1	 0	 1	 1.0	 0.5	 0.6666667
tp: 14466 fp: 2569 fn: 2681 labels: 18
Macro-average	 prec: 0.8080782, rec: 0.6271875, f1: 0.70623374
Micro-average	 prec: 0.84919286, rec: 0.8436461, f1: 0.84641045
Quality on test dataset: 
time to finish evaluation: 24.59s
Total test loss: 361.3159	Avg test loss: 1.1083
label	 tp	 fp	 fn	 prec	 rec	 f1
I-NAME	 17	 1	 22	 0.9444444	 0.43589744	 0.5964912
I-AGE	 4	 0	 3	 1.0	 0.5714286	 0.72727275
I-TREATMENT	 3942	 841	 657	 0.8241689	 0.85714287	 0.8403325
B-DATE	 153	 15	 6	 0.91071427	 0.9622642	 0.9357798
I-DATE	 102	 27	 10	 0.7906977	 0.91071427	 0.84647304
I-LOCATION	 58	 16	 38	 0.7837838	 0.6041667	 0.68235296
I-PROBLEM	 6413	 888	 863	 0.87837285	 0.88139087	 0.8798793
I-PROFESSION	 13	 1	 15	 0.9285714	 0.4642857	 0.6190476
B-NAME	 21	 10	 11	 0.67741936	 0.65625	 0.6666666
B-PROBLEM	 2775	 278	 538	 0.90894204	 0.8376094	 0.871819
B-AGE	 74	 3	 8	 0.96103895	 0.902439	 0.9308176
I-TEST	 1264	 291	 424	 0.81286174	 0.7488152	 0.77952516
B-TEST	 754	 172	 220	 0.8142549	 0.7741273	 0.7936842
B-ID	 4	 0	 1	 1.0	 0.8	 0.88888896
B-TREATMENT	 1982	 371	 324	 0.84232897	 0.85949695	 0.8508264
B-PROFESSION	 8	 2	 6	 0.8	 0.5714286	 0.6666667
B-LOCATION	 36	 5	 22	 0.8780488	 0.62068963	 0.72727275
I-ID	 1	 0	 0	 1.0	 1.0	 1.0
tp: 17621 fp: 2921 fn: 3168 labels: 18
Macro-average	 prec: 0.8753137, rec: 0.74767476, f1: 0.80647516
Micro-average	 prec: 0.8578035, rec: 0.8476117, f1: 0.85267717


Epoch 8/35 started, lr: 9.6618367E-4, dataset size: 20719


Epoch 8/35 - 107.62s - loss: 980.5795 - avg training loss: 0.9465053 - batches: 1036
Quality on validation dataset (20.0%), validation examples = 4143
time to finish evaluation: 19.94s
Total validation loss: 302.2705	Avg validation loss: 1.1450
label	 tp	 fp	 fn	 prec	 rec	 f1
I-NAME	 1	 0	 23	 1.0	 0.041666668	 0.080000006
I-AGE	 1	 0	 10	 1.0	 0.09090909	 0.16666667
I-TREATMENT	 3362	 480	 591	 0.8750651	 0.8504933	 0.86260426
B-DATE	 107	 19	 13	 0.8492063	 0.89166665	 0.86991864
I-DATE	 54	 7	 33	 0.8852459	 0.62068963	 0.7297297
I-LOCATION	 51	 11	 13	 0.82258064	 0.796875	 0.8095238
I-PROBLEM	 5230	 617	 821	 0.8944758	 0.8643199	 0.8791393
I-PROFESSION	 0	 1	 22	 0.0	 0.0	 0.0
B-NAME	 13	 1	 12	 0.9285714	 0.52	 0.6666666
B-PROBLEM	 2241	 375	 322	 0.85665137	 0.874366	 0.8654181
B-AGE	 37	 1	 12	 0.9736842	 0.75510204	 0.85057473
I-TEST	 1058	 193	 381	 0.84572345	 0.73523283	 0.78661716
B-TEST	 541	 96	 194	 0.8492936	 0.7360544	 0.7886298
B-ID	 2	 0	 1	 1.0	 0.6666667	 0.8
B-TREATMENT	 1591	 228	 337	 0.8746564	 0.8252075	 0.84921265
B-PROFESSION	 0	 1	 14	 0.0	 0.0	 0.0
B-LOCATION	 39	 4	 18	 0.90697676	 0.68421054	 0.78000003
I-ID	 2	 0	 0	 1.0	 1.0	 1.0
tp: 14330 fp: 2034 fn: 2817 labels: 18
Macro-average	 prec: 0.8090073, rec: 0.6085256, f1: 0.6945893
Micro-average	 prec: 0.87570274, rec: 0.8357147, f1: 0.85524154
Quality on test dataset: 
time to finish evaluation: 24.72s
Total test loss: 358.6613	Avg test loss: 1.1002
label	 tp	 fp	 fn	 prec	 rec	 f1
I-NAME	 12	 0	 27	 1.0	 0.30769232	 0.47058827
I-AGE	 4	 0	 3	 1.0	 0.5714286	 0.72727275
I-TREATMENT	 3876	 747	 723	 0.83841664	 0.8427919	 0.8405985
B-DATE	 150	 13	 9	 0.9202454	 0.9433962	 0.931677
I-DATE	 88	 12	 24	 0.88	 0.78571427	 0.83018863
I-LOCATION	 47	 7	 49	 0.8703704	 0.48958334	 0.62666667
I-PROBLEM	 6213	 593	 1063	 0.912871	 0.85390323	 0.88240314
I-PROFESSION	 14	 1	 14	 0.93333334	 0.5	 0.65116274
B-NAME	 18	 4	 14	 0.8181818	 0.5625	 0.6666667
B-PROBLEM	 2927	 402	 386	 0.879243	 0.8834893	 0.8813611
B-AGE	 74	 2	 8	 0.9736842	 0.902439	 0.93670887
I-TEST	 1241	 264	 447	 0.8245847	 0.73518956	 0.7773254
B-TEST	 750	 140	 224	 0.8426966	 0.77002054	 0.80472106
B-ID	 4	 0	 1	 1.0	 0.8	 0.88888896
B-TREATMENT	 1933	 272	 373	 0.876644	 0.8382481	 0.8570162
B-PROFESSION	 6	 2	 8	 0.75	 0.42857143	 0.5454545
B-LOCATION	 35	 5	 23	 0.875	 0.6034483	 0.7142857
I-ID	 1	 0	 0	 1.0	 1.0	 1.0
tp: 17393 fp: 2464 fn: 3396 labels: 18
Macro-average	 prec: 0.89973724, rec: 0.7121342, f1: 0.7950183
Micro-average	 prec: 0.8759128, rec: 0.83664435, f1: 0.8558284


Epoch 9/35 started, lr: 9.615385E-4, dataset size: 20719


Epoch 9/35 - 106.29s - loss: 881.5903 - avg training loss: 0.85095584 - batches: 1036
Quality on validation dataset (20.0%), validation examples = 4143
time to finish evaluation: 20.03s
Total validation loss: 307.6228	Avg validation loss: 1.1652
label	 tp	 fp	 fn	 prec	 rec	 f1
I-NAME	 10	 6	 14	 0.625	 0.41666666	 0.5
I-AGE	 1	 0	 10	 1.0	 0.09090909	 0.16666667
I-TREATMENT	 3429	 613	 524	 0.8483424	 0.8674424	 0.8577861
B-DATE	 106	 16	 14	 0.86885244	 0.8833333	 0.876033
I-DATE	 57	 15	 30	 0.7916667	 0.6551724	 0.7169812
I-LOCATION	 54	 15	 10	 0.7826087	 0.84375	 0.81203
I-PROBLEM	 5210	 546	 841	 0.9051425	 0.8610147	 0.88252735
I-PROFESSION	 0	 1	 22	 0.0	 0.0	 0.0
B-NAME	 17	 7	 8	 0.7083333	 0.68	 0.6938775
B-PROBLEM	 2197	 254	 366	 0.8963688	 0.8571986	 0.87634623
B-AGE	 37	 1	 12	 0.9736842	 0.75510204	 0.85057473
I-TEST	 982	 178	 457	 0.8465517	 0.68241835	 0.75567526
B-TEST	 531	 87	 204	 0.8592233	 0.722449	 0.78492236
B-ID	 3	 0	 0	 1.0	 1.0	 1.0
B-TREATMENT	 1691	 309	 237	 0.8455	 0.8770747	 0.860998
B-PROFESSION	 0	 1	 14	 0.0	 0.0	 0.0
B-LOCATION	 34	 3	 23	 0.9189189	 0.5964912	 0.7234042
I-ID	 2	 0	 0	 1.0	 1.0	 1.0
tp: 14361 fp: 2052 fn: 2786 labels: 18
Macro-average	 prec: 0.7705662, rec: 0.6549457, f1: 0.7080671
Micro-average	 prec: 0.8749772, rec: 0.8375226, f1: 0.85584027
Quality on test dataset: 
time to finish evaluation: 25.21s
Total test loss: 356.9000	Avg test loss: 1.0948
label	 tp	 fp	 fn	 prec	 rec	 f1
I-NAME	 17	 2	 22	 0.8947368	 0.43589744	 0.5862069
I-AGE	 2	 0	 5	 1.0	 0.2857143	 0.44444448
I-TREATMENT	 3968	 810	 631	 0.830473	 0.86279625	 0.8463261
B-DATE	 151	 13	 8	 0.9207317	 0.9496855	 0.9349845
I-DATE	 100	 12	 12	 0.89285713	 0.89285713	 0.89285713
I-LOCATION	 57	 13	 39	 0.8142857	 0.59375	 0.68674695
I-PROBLEM	 6141	 537	 1135	 0.9195867	 0.8440077	 0.88017774
I-PROFESSION	 10	 1	 18	 0.90909094	 0.35714287	 0.51282054
B-NAME	 21	 5	 11	 0.8076923	 0.65625	 0.72413796
B-PROBLEM	 2843	 289	 470	 0.9077267	 0.8581346	 0.88223433
B-AGE	 73	 2	 9	 0.97333336	 0.8902439	 0.9299363
I-TEST	 1234	 249	 454	 0.8320971	 0.7310427	 0.7783034
B-TEST	 741	 132	 233	 0.84879726	 0.7607803	 0.80238223
B-ID	 5	 0	 0	 1.0	 1.0	 1.0
B-TREATMENT	 2017	 402	 289	 0.83381563	 0.87467474	 0.8537566
B-PROFESSION	 6	 2	 8	 0.75	 0.42857143	 0.5454545
B-LOCATION	 35	 6	 23	 0.85365856	 0.6034483	 0.70707077
I-ID	 1	 0	 0	 1.0	 1.0	 1.0
tp: 17422 fp: 2475 fn: 3367 labels: 18
Macro-average	 prec: 0.8882712, rec: 0.72361094, f1: 0.7975307
Micro-average	 prec: 0.8756094, rec: 0.83803934, f1: 0.8564125


Epoch 10/35 started, lr: 9.569379E-4, dataset size: 20719


Epoch 10/35 - 108.86s - loss: 792.97766 - avg training loss: 0.76542246 - batches: 1036
Quality on validation dataset (20.0%), validation examples = 4143
time to finish evaluation: 22.62s
Total validation loss: 302.5076	Avg validation loss: 1.1459
label	 tp	 fp	 fn	 prec	 rec	 f1
I-NAME	 11	 3	 13	 0.78571427	 0.45833334	 0.57894737
I-AGE	 1	 0	 10	 1.0	 0.09090909	 0.16666667
I-TREATMENT	 3594	 811	 359	 0.815891	 0.9091829	 0.8600144
B-DATE	 109	 23	 11	 0.82575756	 0.90833336	 0.86507934
I-DATE	 58	 22	 29	 0.725	 0.6666667	 0.69461083
I-LOCATION	 60	 46	 4	 0.5660377	 0.9375	 0.7058823
I-PROBLEM	 5245	 603	 806	 0.89688784	 0.8667989	 0.88158673
I-PROFESSION	 1	 0	 21	 1.0	 0.045454547	 0.08695653
B-NAME	 19	 2	 6	 0.9047619	 0.76	 0.82608694
B-PROBLEM	 2182	 242	 381	 0.900165	 0.8513461	 0.87507516
B-AGE	 37	 1	 12	 0.9736842	 0.75510204	 0.85057473
I-TEST	 1078	 200	 361	 0.8435055	 0.7491313	 0.79352224
B-TEST	 564	 90	 171	 0.86238533	 0.7673469	 0.812095
B-ID	 2	 1	 1	 0.6666667	 0.6666667	 0.6666667
B-TREATMENT	 1704	 320	 224	 0.84189725	 0.88381743	 0.8623482
B-PROFESSION	 1	 0	 13	 1.0	 0.071428575	 0.13333334
B-LOCATION	 41	 11	 16	 0.78846157	 0.71929824	 0.7522936
I-ID	 1	 0	 1	 1.0	 0.5	 0.6666667
tp: 14708 fp: 2375 fn: 2439 labels: 18
Macro-average	 prec: 0.8553787, rec: 0.64485097, f1: 0.7353431
Micro-average	 prec: 0.8609729, rec: 0.85775936, f1: 0.85936314
Quality on test dataset: 
time to finish evaluation: 25.74s
Total test loss: 362.1994	Avg test loss: 1.1110
label	 tp	 fp	 fn	 prec	 rec	 f1
I-NAME	 15	 1	 24	 0.9375	 0.3846154	 0.54545456
I-AGE	 4	 2	 3	 0.6666667	 0.5714286	 0.61538464
I-TREATMENT	 4193	 1101	 406	 0.7920287	 0.9117199	 0.84767
B-DATE	 153	 25	 6	 0.85955054	 0.9622642	 0.90801185
I-DATE	 102	 36	 10	 0.73913044	 0.91071427	 0.81600004
I-LOCATION	 62	 36	 34	 0.63265306	 0.6458333	 0.63917524
I-PROBLEM	 6256	 535	 1020	 0.9212193	 0.8598131	 0.88945764
I-PROFESSION	 8	 0	 20	 1.0	 0.2857143	 0.44444448
B-NAME	 21	 6	 11	 0.7777778	 0.65625	 0.7118644
B-PROBLEM	 2859	 270	 454	 0.9137105	 0.8629641	 0.88761264
B-AGE	 75	 3	 7	 0.96153843	 0.91463417	 0.93750006
I-TEST	 1265	 286	 423	 0.81560284	 0.7494076	 0.7811052
B-TEST	 765	 141	 209	 0.84437084	 0.78542095	 0.81382984
B-ID	 5	 0	 0	 1.0	 1.0	 1.0
B-TREATMENT	 2045	 382	 261	 0.84260404	 0.886817	 0.8641454
B-PROFESSION	 6	 1	 8	 0.85714287	 0.42857143	 0.5714286
B-LOCATION	 37	 9	 21	 0.8043478	 0.63793105	 0.7115385
I-ID	 1	 0	 0	 1.0	 1.0	 1.0
tp: 17872 fp: 2834 fn: 2917 labels: 18
Macro-average	 prec: 0.85365796, rec: 0.74745, f1: 0.7970314
Micro-average	 prec: 0.86313146, rec: 0.8596854, f1: 0.861405


Epoch 11/35 started, lr: 9.5238106E-4, dataset size: 20719


Epoch 11/35 - 109.32s - loss: 741.4292 - avg training loss: 0.7156652 - batches: 1036
Quality on validation dataset (20.0%), validation examples = 4143
time to finish evaluation: 19.60s
Total validation loss: 276.3997	Avg validation loss: 1.0470
label	 tp	 fp	 fn	 prec	 rec	 f1
I-NAME	 18	 20	 6	 0.47368422	 0.75	 0.5806452
I-AGE	 1	 0	 10	 1.0	 0.09090909	 0.16666667
I-TREATMENT	 3370	 405	 583	 0.8927152	 0.85251707	 0.87215316
B-DATE	 104	 12	 16	 0.8965517	 0.8666667	 0.88135594
I-DATE	 58	 14	 29	 0.8055556	 0.6666667	 0.7295597
I-LOCATION	 55	 9	 9	 0.859375	 0.859375	 0.859375
I-PROBLEM	 5432	 802	 619	 0.87135065	 0.8977029	 0.8843305
I-PROFESSION	 7	 2	 15	 0.7777778	 0.3181818	 0.45161286
B-NAME	 18	 5	 7	 0.7826087	 0.72	 0.75
B-PROBLEM	 2265	 337	 298	 0.87048423	 0.88373	 0.8770571
B-AGE	 37	 1	 12	 0.9736842	 0.75510204	 0.85057473
I-TEST	 1152	 377	 287	 0.75343364	 0.80055594	 0.77628034
B-TEST	 574	 135	 161	 0.809591	 0.7809524	 0.7950139
B-ID	 2	 1	 1	 0.6666667	 0.6666667	 0.6666667
B-TREATMENT	 1628	 176	 300	 0.902439	 0.8443983	 0.8724544
B-PROFESSION	 3	 3	 11	 0.5	 0.21428572	 0.29999998
B-LOCATION	 41	 1	 16	 0.97619045	 0.71929824	 0.82828283
I-ID	 1	 0	 1	 1.0	 0.5	 0.6666667
tp: 14766 fp: 2300 fn: 2381 labels: 18
Macro-average	 prec: 0.8228949, rec: 0.6770561, f1: 0.7428856
Micro-average	 prec: 0.8652291, rec: 0.8611419, f1: 0.8631807
Quality on test dataset: 
time to finish evaluation: 25.69s
Total test loss: 343.8478	Avg test loss: 1.0547
label	 tp	 fp	 fn	 prec	 rec	 f1
I-NAME	 14	 14	 25	 0.5	 0.35897437	 0.41791046
I-AGE	 2	 0	 5	 1.0	 0.2857143	 0.44444448
I-TREATMENT	 3932	 600	 667	 0.86760813	 0.8549685	 0.86124194
B-DATE	 151	 8	 8	 0.9496855	 0.9496855	 0.9496855
I-DATE	 105	 20	 7	 0.84	 0.9375	 0.886076
I-LOCATION	 58	 18	 38	 0.7631579	 0.6041667	 0.6744186
I-PROBLEM	 6558	 898	 718	 0.8795601	 0.9013194	 0.89030683
I-PROFESSION	 15	 1	 13	 0.9375	 0.53571427	 0.6818182
B-NAME	 20	 7	 12	 0.7407407	 0.625	 0.67796606
B-PROBLEM	 2953	 397	 360	 0.88149256	 0.89133716	 0.88638747
B-AGE	 74	 2	 8	 0.9736842	 0.902439	 0.93670887
I-TEST	 1394	 483	 294	 0.74267447	 0.8258294	 0.7820476
B-TEST	 788	 192	 186	 0.8040816	 0.8090349	 0.8065507
B-ID	 5	 0	 0	 1.0	 1.0	 1.0
B-TREATMENT	 1932	 212	 374	 0.9011194	 0.8378144	 0.86831456
B-PROFESSION	 9	 2	 5	 0.8181818	 0.64285713	 0.72
B-LOCATION	 38	 9	 20	 0.80851066	 0.6551724	 0.7238095
I-ID	 1	 0	 0	 1.0	 1.0	 1.0
tp: 18049 fp: 2863 fn: 2740 labels: 18
Macro-average	 prec: 0.8559999, rec: 0.75652933, f1: 0.8031966
Micro-average	 prec: 0.86309296, rec: 0.8681995, f1: 0.86563873


Epoch 12/35 started, lr: 9.478674E-4, dataset size: 20719


Epoch 12/35 - 110.18s - loss: 678.5571 - avg training loss: 0.6549779 - batches: 1036
Quality on validation dataset (20.0%), validation examples = 4143
time to finish evaluation: 21.19s
Total validation loss: 298.2181	Avg validation loss: 1.1296
label	 tp	 fp	 fn	 prec	 rec	 f1
I-NAME	 7	 5	 17	 0.5833333	 0.29166666	 0.38888887
I-AGE	 1	 0	 10	 1.0	 0.09090909	 0.16666667
I-TREATMENT	 3362	 454	 591	 0.8810273	 0.8504933	 0.86549103
B-DATE	 107	 10	 13	 0.9145299	 0.89166665	 0.9029536
I-DATE	 56	 5	 31	 0.91803277	 0.6436782	 0.7567567
I-LOCATION	 60	 25	 4	 0.7058824	 0.9375	 0.8053692
I-PROBLEM	 5394	 842	 657	 0.86497754	 0.8914229	 0.87800115
I-PROFESSION	 13	 6	 9	 0.68421054	 0.59090906	 0.63414633
B-NAME	 18	 5	 7	 0.7826087	 0.72	 0.75
B-PROBLEM	 2250	 332	 313	 0.8714175	 0.8778775	 0.8746356
B-AGE	 38	 1	 11	 0.974359	 0.7755102	 0.8636364
I-TEST	 1127	 250	 312	 0.8184459	 0.78318274	 0.8004261
B-TEST	 562	 97	 173	 0.8528073	 0.76462585	 0.8063128
B-ID	 3	 1	 0	 0.75	 1.0	 0.85714287
B-TREATMENT	 1637	 214	 291	 0.88438684	 0.8490664	 0.86636674
B-PROFESSION	 6	 5	 8	 0.54545456	 0.42857143	 0.48000002
B-LOCATION	 42	 6	 15	 0.875	 0.7368421	 0.79999995
I-ID	 1	 0	 1	 1.0	 0.5	 0.6666667
tp: 14684 fp: 2258 fn: 2463 labels: 18
Macro-average	 prec: 0.8281374, rec: 0.701329, f1: 0.75947636
Micro-average	 prec: 0.86672175, rec: 0.8563597, f1: 0.86150956
Quality on test dataset: 
time to finish evaluation: 25.67s
Total test loss: 336.4044	Avg test loss: 1.0319
label	 tp	 fp	 fn	 prec	 rec	 f1
I-NAME	 13	 1	 26	 0.9285714	 0.33333334	 0.49056607
I-AGE	 4	 5	 3	 0.44444445	 0.5714286	 0.5
I-TREATMENT	 3941	 567	 658	 0.8742236	 0.8569254	 0.8654881
B-DATE	 153	 8	 6	 0.9503106	 0.9622642	 0.95625
I-DATE	 103	 13	 9	 0.88793105	 0.91964287	 0.9035088
I-LOCATION	 59	 18	 37	 0.76623374	 0.6145833	 0.6820809
I-PROBLEM	 6514	 763	 762	 0.8951491	 0.89527214	 0.89521056
I-PROFESSION	 20	 6	 8	 0.7692308	 0.71428573	 0.7407408
B-NAME	 20	 11	 12	 0.6451613	 0.625	 0.6349206
B-PROBLEM	 2924	 370	 389	 0.88767457	 0.88258374	 0.8851218
B-AGE	 74	 5	 8	 0.93670887	 0.902439	 0.91925466
I-TEST	 1363	 359	 325	 0.7915215	 0.8074645	 0.7994135
B-TEST	 789	 152	 185	 0.8384697	 0.8100616	 0.8240209
B-ID	 5	 0	 0	 1.0	 1.0	 1.0
B-TREATMENT	 1961	 253	 345	 0.88572717	 0.8503903	 0.86769915
B-PROFESSION	 8	 4	 6	 0.6666667	 0.5714286	 0.61538464
B-LOCATION	 38	 9	 20	 0.80851066	 0.6551724	 0.7238095
I-ID	 1	 0	 0	 1.0	 1.0	 1.0
tp: 17990 fp: 2544 fn: 2799 labels: 18
Macro-average	 prec: 0.8320297, rec: 0.77623755, f1: 0.80316585
Micro-average	 prec: 0.87610793, rec: 0.8653615, f1: 0.8707016


Epoch 13/35 started, lr: 9.433963E-4, dataset size: 20719


Epoch 13/35 - 108.21s - loss: 632.10297 - avg training loss: 0.610138 - batches: 1036
Quality on validation dataset (20.0%), validation examples = 4143
time to finish evaluation: 19.96s
Total validation loss: 286.6505	Avg validation loss: 1.0858
label	 tp	 fp	 fn	 prec	 rec	 f1
I-NAME	 2	 0	 22	 1.0	 0.083333336	 0.15384616
I-AGE	 1	 0	 10	 1.0	 0.09090909	 0.16666667
I-TREATMENT	 3414	 454	 539	 0.88262665	 0.8636479	 0.8730341
B-DATE	 108	 15	 12	 0.8780488	 0.9	 0.88888884
I-DATE	 53	 5	 34	 0.9137931	 0.6091954	 0.7310344
I-LOCATION	 56	 10	 8	 0.8484849	 0.875	 0.86153847
I-PROBLEM	 5437	 788	 614	 0.8734137	 0.8985292	 0.8857934
I-PROFESSION	 6	 2	 16	 0.75	 0.27272728	 0.40000004
B-NAME	 14	 4	 11	 0.7777778	 0.56	 0.6511628
B-PROBLEM	 2258	 293	 305	 0.8851431	 0.88099885	 0.8830662
B-AGE	 37	 1	 12	 0.9736842	 0.75510204	 0.85057473
I-TEST	 1068	 129	 371	 0.8922306	 0.7421821	 0.81031865
B-TEST	 558	 73	 177	 0.8843106	 0.75918365	 0.8169839
B-ID	 3	 0	 0	 1.0	 1.0	 1.0
B-TREATMENT	 1671	 258	 257	 0.86625195	 0.86670125	 0.86647654
B-PROFESSION	 3	 2	 11	 0.6	 0.21428572	 0.31578946
B-LOCATION	 45	 4	 12	 0.9183673	 0.7894737	 0.8490566
I-ID	 2	 0	 0	 1.0	 1.0	 1.0
tp: 14736 fp: 2038 fn: 2411 labels: 18
Macro-average	 prec: 0.8857852, rec: 0.67562604, f1: 0.76656234
Micro-average	 prec: 0.8785024, rec: 0.8593923, f1: 0.8688423
Quality on test dataset: 
time to finish evaluation: 25.55s
Total test loss: 343.7210	Avg test loss: 1.0544
label	 tp	 fp	 fn	 prec	 rec	 f1
I-NAME	 17	 1	 22	 0.9444444	 0.43589744	 0.5964912
I-AGE	 4	 4	 3	 0.5	 0.5714286	 0.53333336
I-TREATMENT	 4006	 636	 593	 0.8629901	 0.87105894	 0.8670057
B-DATE	 152	 14	 7	 0.91566265	 0.9559748	 0.9353846
I-DATE	 92	 12	 20	 0.88461536	 0.8214286	 0.8518518
I-LOCATION	 41	 5	 55	 0.8913044	 0.42708334	 0.57746476
I-PROBLEM	 6544	 690	 732	 0.9046171	 0.8993953	 0.9019987
I-PROFESSION	 16	 2	 12	 0.8888889	 0.5714286	 0.6956522
B-NAME	 20	 5	 12	 0.8	 0.625	 0.7017544
B-PROBLEM	 2946	 331	 367	 0.89899296	 0.8892243	 0.8940819
B-AGE	 74	 2	 8	 0.9736842	 0.902439	 0.93670887
I-TEST	 1249	 187	 439	 0.86977714	 0.7399289	 0.79961586
B-TEST	 772	 108	 202	 0.8772727	 0.7926078	 0.83279395
B-ID	 5	 0	 0	 1.0	 1.0	 1.0
B-TREATMENT	 2015	 287	 291	 0.8753258	 0.87380743	 0.87456596
B-PROFESSION	 9	 2	 5	 0.8181818	 0.64285713	 0.72
B-LOCATION	 34	 4	 24	 0.8947368	 0.5862069	 0.7083334
I-ID	 1	 0	 0	 1.0	 1.0	 1.0
tp: 17997 fp: 2290 fn: 2792 labels: 18
Macro-average	 prec: 0.8778053, rec: 0.755876, f1: 0.81229055
Micro-average	 prec: 0.8871198, rec: 0.8656982, f1: 0.8762781


Epoch 14/35 started, lr: 9.389671E-4, dataset size: 20719


Epoch 14/35 - 109.48s - loss: 594.9774 - avg training loss: 0.57430255 - batches: 1036
Quality on validation dataset (20.0%), validation examples = 4143
time to finish evaluation: 19.59s
Total validation loss: 301.5666	Avg validation loss: 1.1423
label	 tp	 fp	 fn	 prec	 rec	 f1
I-NAME	 11	 3	 13	 0.78571427	 0.45833334	 0.57894737
I-CONTACT	 0	 6	 0	 0.0	 0.0	 0.0
I-AGE	 1	 0	 10	 1.0	 0.09090909	 0.16666667
I-TREATMENT	 3459	 572	 494	 0.8580997	 0.87503165	 0.8664829
B-DATE	 106	 11	 14	 0.9059829	 0.8833333	 0.8945148
I-DATE	 59	 16	 28	 0.7866667	 0.6781609	 0.7283951
I-LOCATION	 58	 19	 6	 0.7532467	 0.90625	 0.82269496
I-PROBLEM	 5249	 551	 802	 0.905	 0.86745995	 0.88583237
I-PROFESSION	 8	 4	 14	 0.6666667	 0.36363637	 0.47058827
B-NAME	 19	 4	 6	 0.82608694	 0.76	 0.7916667
B-PROBLEM	 2183	 218	 380	 0.9092045	 0.85173625	 0.87953264
B-AGE	 37	 1	 12	 0.9736842	 0.75510204	 0.85057473
I-TEST	 1161	 357	 278	 0.7648221	 0.80681026	 0.7852553
B-TEST	 582	 130	 153	 0.8174157	 0.79183674	 0.8044229
B-ID	 2	 1	 1	 0.6666667	 0.6666667	 0.6666667
B-TREATMENT	 1692	 310	 236	 0.8451548	 0.87759334	 0.8610687
B-PROFESSION	 4	 5	 10	 0.44444445	 0.2857143	 0.3478261
B-LOCATION	 46	 5	 11	 0.9019608	 0.80701756	 0.8518518
I-ID	 1	 0	 1	 1.0	 0.5	 0.6666667
B-CONTACT	 0	 1	 0	 0.0	 0.0	 0.0
tp: 14678 fp: 2214 fn: 2469 labels: 20
Macro-average	 prec: 0.74054086, rec: 0.6112796, f1: 0.66973025
Micro-average	 prec: 0.86893207, rec: 0.8560098, f1: 0.8624225
Quality on test dataset: 
time to finish evaluation: 25.81s
Total test loss: 354.8820	Avg test loss: 1.0886
label	 tp	 fp	 fn	 prec	 rec	 f1
I-NAME	 15	 1	 24	 0.9375	 0.3846154	 0.54545456
I-CONTACT	 0	 13	 0	 0.0	 0.0	 0.0
I-AGE	 4	 1	 3	 0.8	 0.5714286	 0.6666667
I-TREATMENT	 4023	 824	 576	 0.82999796	 0.8747554	 0.8517891
B-DATE	 156	 8	 3	 0.9512195	 0.9811321	 0.9659443
I-DATE	 110	 11	 2	 0.90909094	 0.98214287	 0.94420606
I-LOCATION	 55	 16	 41	 0.7746479	 0.5729167	 0.65868264
I-PROBLEM	 6248	 554	 1028	 0.91855335	 0.85871357	 0.88762605
I-PROFESSION	 23	 2	 5	 0.92	 0.8214286	 0.8679245
B-NAME	 21	 9	 11	 0.7	 0.65625	 0.6774193
B-PROBLEM	 2831	 256	 482	 0.9170716	 0.8545125	 0.88468754
B-AGE	 74	 3	 8	 0.96103895	 0.902439	 0.9308176
I-TEST	 1394	 423	 294	 0.7671987	 0.8258294	 0.7954351
B-TEST	 795	 171	 179	 0.82298136	 0.8162218	 0.81958765
B-ID	 5	 0	 0	 1.0	 1.0	 1.0
B-TREATMENT	 2047	 361	 259	 0.85008305	 0.8876843	 0.86847687
B-PROFESSION	 10	 3	 4	 0.7692308	 0.71428573	 0.7407408
B-LOCATION	 37	 7	 21	 0.84090906	 0.63793105	 0.72549015
I-ID	 1	 0	 0	 1.0	 1.0	 1.0
B-CONTACT	 0	 1	 0	 0.0	 0.0	 0.0
tp: 17849 fp: 2664 fn: 2940 labels: 20
Macro-average	 prec: 0.7834761, rec: 0.7171143, f1: 0.7488279
Micro-average	 prec: 0.87013113, rec: 0.85857904, f1: 0.86431646
Early stopping: test set macro F1 has not improved for more than 6 epochs
